Component: ARM Compiler 5.06 update 7 (build 960) Tool: armlink [4d3601]

==============================================================================

Section Cross References

    startup_stm32f401xc.o(STACK) refers (Special) to heapauxi.o(.text) for __use_two_region_memory
    startup_stm32f401xc.o(HEAP) refers (Special) to heapauxi.o(.text) for __use_two_region_memory
    startup_stm32f401xc.o(RESET) refers (Special) to heapauxi.o(.text) for __use_two_region_memory
    startup_stm32f401xc.o(RESET) refers to startup_stm32f401xc.o(STACK) for __initial_sp
    startup_stm32f401xc.o(RESET) refers to startup_stm32f401xc.o(.text) for Reset_Handler
    startup_stm32f401xc.o(RESET) refers to stm32f4xx_it.o(i.NMI_Handler) for NMI_Handler
    startup_stm32f401xc.o(RESET) refers to stm32f4xx_it.o(i.HardFault_Handler) for HardFault_Handler
    startup_stm32f401xc.o(RESET) refers to stm32f4xx_it.o(i.MemManage_Handler) for MemManage_Handler
    startup_stm32f401xc.o(RESET) refers to stm32f4xx_it.o(i.BusFault_Handler) for BusFault_Handler
    startup_stm32f401xc.o(RESET) refers to stm32f4xx_it.o(i.UsageFault_Handler) for UsageFault_Handler
    startup_stm32f401xc.o(RESET) refers to stm32f4xx_it.o(i.SVC_Handler) for SVC_Handler
    startup_stm32f401xc.o(RESET) refers to stm32f4xx_it.o(i.DebugMon_Handler) for DebugMon_Handler
    startup_stm32f401xc.o(RESET) refers to stm32f4xx_it.o(i.PendSV_Handler) for PendSV_Handler
    startup_stm32f401xc.o(RESET) refers to stm32f4xx_it.o(i.SysTick_Handler) for SysTick_Handler
    startup_stm32f401xc.o(RESET) refers to stm32f4xx_it.o(i.OTG_FS_IRQHandler) for OTG_FS_IRQHandler
    startup_stm32f401xc.o(.text) refers (Special) to heapauxi.o(.text) for __use_two_region_memory
    startup_stm32f401xc.o(.text) refers to system_stm32f4xx.o(i.SystemInit) for SystemInit
    startup_stm32f401xc.o(.text) refers to __main.o(!!!main) for __main
    startup_stm32f401xc.o(.text) refers to startup_stm32f401xc.o(HEAP) for Heap_Mem
    startup_stm32f401xc.o(.text) refers to startup_stm32f401xc.o(STACK) for Stack_Mem
    main.o(i.MX_GPIO_Init) refers to rt_memclr_w.o(.text) for __aeabi_memclr4
    main.o(i.MX_GPIO_Init) refers to stm32f4xx_hal_gpio.o(i.HAL_GPIO_WritePin) for HAL_GPIO_WritePin
    main.o(i.MX_GPIO_Init) refers to stm32f4xx_hal_gpio.o(i.HAL_GPIO_Init) for HAL_GPIO_Init
    main.o(i.SystemClock_Config) refers to rt_memclr_w.o(.text) for __aeabi_memclr4
    main.o(i.SystemClock_Config) refers to stm32f4xx_hal_rcc.o(i.HAL_RCC_OscConfig) for HAL_RCC_OscConfig
    main.o(i.SystemClock_Config) refers to stm32f4xx_hal_rcc.o(i.HAL_RCC_ClockConfig) for HAL_RCC_ClockConfig
    main.o(i.SystemClock_Config) refers to stm32f4xx_hal_rcc.o(i.HAL_RCC_EnableCSS) for HAL_RCC_EnableCSS
    main.o(i.main) refers to stm32f4xx_hal.o(i.HAL_Init) for HAL_Init
    main.o(i.main) refers to main.o(i.SystemClock_Config) for SystemClock_Config
    main.o(i.main) refers to main.o(i.MX_GPIO_Init) for MX_GPIO_Init
    main.o(i.main) refers to usb_device.o(i.MX_USB_DEVICE_Init) for MX_USB_DEVICE_Init
    main.o(i.main) refers to stm32f4xx_hal_gpio.o(i.HAL_GPIO_WritePin) for HAL_GPIO_WritePin
    main.o(i.main) refers to armrobot_math.o(i.DHparam_init) for DHparam_init
    main.o(i.main) refers to armrobot_math.o(i.toolframe_init) for toolframe_init
    main.o(i.main) refers to armrobot_math.o(i.forward_transform_matrix) for forward_transform_matrix
    main.o(i.main) refers to armrobot_math.o(i.calculate_all_link) for calculate_all_link
    main.o(i.main) refers to main.o(i.receive_data) for receive_data
    main.o(i.main) refers to armrobot_math.o(i.run_inverse_kinematic) for run_inverse_kinematic
    main.o(i.main) refers to main.o(i.send_data) for send_data
    main.o(i.main) refers to main.o(i.reset_buffer) for reset_buffer
    main.o(i.main) refers to strlen.o(.text) for strlen
    main.o(i.main) refers to rt_memcpy_v6.o(.text) for __aeabi_memcpy
    main.o(i.main) refers to stm32f4xx_hal.o(i.HAL_Delay) for HAL_Delay
    main.o(i.main) refers to armrobot_math.o(i.run_forward_kinematic) for run_forward_kinematic
    main.o(i.main) refers to main.o(.data) for .data
    main.o(i.main) refers to main.o(.bss) for .bss
    main.o(i.receive_data) refers to main.o(.bss) for .bss
    main.o(i.reset_buffer) refers to main.o(.bss) for .bss
    main.o(i.send_data) refers to usbd_cdc_if.o(i.CDC_Transmit_FS) for CDC_Transmit_FS
    stm32f4xx_it.o(i.NMI_Handler) refers to stm32f4xx_hal_rcc.o(i.HAL_RCC_NMI_IRQHandler) for HAL_RCC_NMI_IRQHandler
    stm32f4xx_it.o(i.OTG_FS_IRQHandler) refers to stm32f4xx_hal_pcd.o(i.HAL_PCD_IRQHandler) for HAL_PCD_IRQHandler
    stm32f4xx_it.o(i.OTG_FS_IRQHandler) refers to usbd_conf.o(.bss) for hpcd_USB_OTG_FS
    stm32f4xx_it.o(i.SysTick_Handler) refers to stm32f4xx_hal.o(i.HAL_IncTick) for HAL_IncTick
    usb_device.o(i.MX_USB_DEVICE_Init) refers to usbd_core.o(i.USBD_Init) for USBD_Init
    usb_device.o(i.MX_USB_DEVICE_Init) refers to main.o(i.Error_Handler) for Error_Handler
[...]
    cfgidx                                   0x200000d0   Data           1  usbd_ctlreq.o(.data)
    .data                                    0x200000d4   Section       83  usbd_cdc.o(.data)
    CDCInEpAdd                               0x200000d4   Data           1  usbd_cdc.o(.data)
    CDCOutEpAdd                              0x200000d5   Data           1  usbd_cdc.o(.data)
    CDCCmdEpAdd                              0x200000d6   Data           1  usbd_cdc.o(.data)
    USBD_CDC_DeviceQualifierDesc             0x200000d8   Data          10  usbd_cdc.o(.data)
    USBD_CDC_CfgDesc                         0x200000e4   Data          67  usbd_cdc.o(.data)
    .data                                    0x20000128   Section       56  usbd_cdc.o(.data)
    .bss                                     0x20000160   Section     2607  main.o(.bss)
    .bss                                     0x20000b90   Section      732  usb_device.o(.bss)
    .bss                                     0x20000e6c   Section      512  usbd_desc.o(.bss)
    .bss                                     0x2000106c   Section     2048  usbd_cdc_if.o(.bss)
    .bss                                     0x2000186c   Section     1836  usbd_conf.o(.bss)
    mem                                      0x2000186c   Data         544  usbd_conf.o(.bss)
    .bss                                     0x20001f98   Section       96  libspace.o(.bss)
    HEAP                                     0x20001ff8   Section      512  startup_stm32f401xc.o(HEAP)
    Heap_Mem                                 0x20001ff8   Data         512  startup_stm32f401xc.o(HEAP)
    STACK                                    0x200021f8   Section     1024  startup_stm32f401xc.o(STACK)
    Stack_Mem                                0x200021f8   Data        1024  startup_stm32f401xc.o(STACK)
    __initial_sp                             0x200025f8   Data           0  startup_stm32f401xc.o(STACK)

    Global Symbols

    Symbol Name                              Value     Ov Type        Size  Object(Section)

    BuildAttributes$$THM_ISAv4$E$P$D$K$B$S$7EM$VFPi3$EXTD16$VFPS$VFMA$PE$A:L22UL41UL21$X:L11$S22US41US21$IEEE1$IW$USESV6$~STKCKD$USESV7$~SHL$OTIME$ROPI$IEEEX$EBA8$UX$STANDARDLIB$REQ8$PRES8$EABIv2 0x00000000   Number         0  anon$$obj.o ABSOLUTE
    __ARM_use_no_argv                        0x00000000   Number         0  main.o ABSOLUTE
    __ARM_exceptions_init                     - Undefined Weak Reference
    __alloca_initialize                       - Undefined Weak Reference
    __arm_fini_                               - Undefined Weak Reference
    __arm_preinit_                            - Undefined Weak Reference
    __cpp_initialize__aeabi_                  - Undefined Weak Reference
    __cxa_finalize                            - Undefined Weak Reference
    __rt_locale                               - Undefined Weak Reference
    __sigvec_lookup                           - Undefined Weak Reference
    _atexit_init                              - Undefined Weak Reference
    _call_atexit_fns                          - Undefined Weak Reference
    _clock_init                               - Undefined Weak Reference
    _fp_trap_init                             - Undefined Weak Reference
    _fp_trap_shutdown                         - Undefined Weak Reference
    _get_lc_collate                           - Undefined Weak Reference
    _get_lc_ctype                             - Undefined Weak Reference
    _get_lc_monetary                          - Undefined Weak Reference
    _get_lc_numeric                           - Undefined Weak Reference
    _get_lc_time                              - Undefined Weak Reference
    _getenv_init                              - Undefined Weak Reference
    _handle_redirection                       - Undefined Weak Reference
    _init_alloc                               - Undefined Weak Reference
    _init_user_alloc                          - Undefined Weak Reference
    _initio                                   - Undefined Weak Reference
    _rand_init                                - Undefined Weak Reference
    _signal_finish                            - Undefined Weak Reference
    _signal_init                              - Undefined Weak Reference
    _terminate_alloc                          - Undefined Weak Reference
    _terminate_user_alloc                     - Undefined Weak Reference
    _terminateio                              - Undefined Weak Reference
    __Vectors_Size                           0x00000194   Number         0  startup_stm32f401xc.o ABSOLUTE
    __Vectors                                0x08000000   Data           4  startup_stm32f401xc.o(RESET)
    __Vectors_End                            0x08000194   Data           0  startup_stm32f401xc.o(RESET)
    __main                                   0x08000195   Thumb Code     8  __main.o(!!!main)
    __scatterload                            0x0800019d   Thumb Code     0  __scatter.o(!!!scatter)
    __scatterload_rt2                        0x0800019d   Thumb Code    44  __scatter.o(!!!scatter)
    __scatterload_rt2_thumb_only             0x0800019d   Thumb Code     0  __scatter.o(!!!scatter)
    __scatterload_null                       0x080001ab   Thumb Code     0  __scatter.o(!!!scatter)
    __decompress                             0x080001d1   Thumb Code    90  __dczerorl2.o(!!dczerorl2)
    __decompress1                            0x080001d1   Thumb Code     0  __dczerorl2.o(!!dczerorl2)
    __scatterload_zeroinit                   0x0800022d   Thumb Code    28  __scatter_zi.o(!!handler_zi)
    __rt_lib_init                            0x08000249   Thumb Code     0  libinit.o(.ARM.Collect$$libinit$$00000000)
    __rt_lib_init_fp_1                       0x0800024b   Thumb Code     0  libinit2.o(.ARM.Collect$$libinit$$00000001)
    __rt_lib_init_alloca_1                   0x0800024f   Thumb Code     0  libinit2.o(.ARM.Collect$$libinit$$0000002E)
    __rt_lib_init_argv_1                     0x0800024f   Thumb Code     0  libinit2.o(.ARM.Collect$$libinit$$0000002C)
    __rt_lib_init_atexit_1                   0x0800024f   Thumb Code     0  libinit2.o(.ARM.Collect$$libinit$$0000001B)
    __rt_lib_init_clock_1                    0x0800024f   Thumb Code     0  libinit2.o(.ARM.Collect$$libinit$$00000021)
    __rt_lib_init_cpp_1                      0x0800024f   Thumb Code     0  libinit2.o(.ARM.Collect$$libinit$$00000032)
    __rt_lib_init_exceptions_1               0x0800024f   Thumb Code     0  libinit2.o(.ARM.Collect$$libinit$$00000030)
    __rt_lib_init_fp_trap_1                  0x0800024f   Thumb Code     0  libinit2.o(.ARM.Collect$$libinit$$0000001F)
    __rt_lib_init_getenv_1                   0x0800024f   Thumb Code     0  libinit2.o(.ARM.Collect$$libinit$$00000023)
    __rt_lib_init_heap_1                     0x0800024f   Thumb Code     0  libinit2.o(.ARM.Collect$$libinit$$0000000A)
    __rt_lib_init_lc_collate_1               0x0800024f   Thumb Code     0  libinit2.o(.ARM.Collect$$libinit$$00000011)
    __rt_lib_init_lc_ctype_1                 0x0800024f   Thumb Code     0  libinit2.o(.ARM.Collect$$libinit$$00000013)
    __rt_lib_init_lc_monetary_1              0x0800024f   Thumb Code     0  libinit2.o(.ARM.Collect$$libinit$$00000015)
    __rt_lib_init_lc_numeric_1               0x0800024f   Thumb Code     0  libinit2.o(.ARM.Collect$$libinit$$00000017)
    __rt_lib_init_lc_time_1                  0x0800024f   Thumb Code     0  libinit2.o(.ARM.Collect$$libinit$$00000019)
    __rt_lib_init_preinit_1                  0x0800024f   Thumb Code     0  libinit2.o(.ARM.Collect$$libinit$$00000004)
    __rt_lib_init_rand_1                     0x0800024f   Thumb Code     0  libinit2.o(.ARM.Collect$$libinit$$0000000E)
    __rt_lib_init_return                     0x0800024f   Thumb Code     0  libinit2.o(.ARM.Collect$$libinit$$00000033)
    __rt_lib_init_signal_1                   0x0800024f   Thumb Code     0  libinit2.o(.ARM.Collect$$libinit$$0000001D)
    __rt_lib_init_stdio_1                    0x0800024f   Thumb Code     0  libinit2.o(.ARM.Collect$$libinit$$00000025)
    __rt_lib_init_user_alloc_1               0x0800024f   Thumb Code     0  libinit2.o(.ARM.Collect$$libinit$$0000000C)
    __rt_lib_shutdown                        0x08000251   Thumb Code     0  libshutdown.o(.ARM.Collect$$libshutdown$$00000000)
    __rt_lib_shutdown_cpp_1                  0x08000253   Thumb Code     0  libshutdown2.o(.ARM.Collect$$libshutdown$$00000004)
    __rt_lib_shutdown_fini_1                 0x08000253   Thumb Code     0  libshutdown2.o(.ARM.Collect$$libshutdown$$00000002)
    __rt_lib_shutdown_fp_trap_1              0x08000253   Thumb Code     0  libshutdown2.o(.ARM.Collect$$libshutdown$$00000009)
    __rt_lib_shutdown_heap_1                 0x08000253   Thumb Code     0  libshutdown2.o(.ARM.Collect$$libshutdown$$00000011)
    __rt_lib_shutdown_return                 0x08000253   Thumb Code     0  libshutdown2.o(.ARM.Collect$$libshutdown$$00000012)
    __rt_lib_shutdown_signal_1               0x08000253   Thumb Code     0  libshutdown2.o(.ARM.Collect$$libshutdown$$0000000C)
    __rt_lib_shutdown_stdio_1                0x08000253   Thumb Code     0  libshutdown2.o(.ARM.Collect$$libshutdown$$00000006)
    __rt_lib_shutdown_user_alloc_1           0x08000253   Thumb Code     0  libshutdown2.o(.ARM.Collect$$libshutdown$$0000000E)
    __rt_entry                               0x08000255   Thumb Code     0  __rtentry.o(.ARM.Collect$$rtentry$$00000000)
    __rt_entry_presh_1                       0x08000255   Thumb Code     0  __rtentry2.o(.ARM.Collect$$rtentry$$00000002)
    __rt_entry_sh                            0x08000255   Thumb Code     0  __rtentry4.o(.ARM.Collect$$rtentry$$00000004)
    __rt_entry_li                            0x0800025b   Thumb Code     0  __rtentry2.o(.ARM.Collect$$rtentry$$0000000A)
    __rt_entry_postsh_1                      0x0800025b   Thumb Code     0  __rtentry2.o(.ARM.Collect$$rtentry$$00000009)
    __rt_entry_main                          0x0800025f   Thumb Code     0  __rtentry2.o(.ARM.Collect$$rtentry$$0000000D)
    __rt_entry_postli_1                      0x0800025f   Thumb Code     0  __rtentry2.o(.ARM.Collect$$rtentry$$0000000C)
    __rt_exit                                0x08000267   Thumb Code     0  rtexit.o(.ARM.Collect$$rtexit$$00000000)
    __rt_exit_ls                             0x08000269   Thumb Code     0  rtexit2.o(.ARM.Collect$$rtexit$$00000003)
    __rt_exit_prels_1                        0x08000269   Thumb Code     0  rtexit2.o(.ARM.Collect$$rtexit$$00000002)
    __rt_exit_exit                           0x0800026d   Thumb Code     0  rtexit2.o(.ARM.Collect$$rtexit$$00000004)
    Reset_Handler                            0x08000275   Thumb Code     8  startup_stm32f401xc.o(.text)
    ADC_IRQHandler                           0x0800028f   Thumb Code     0  startup_stm32f401xc.o(.text)
    DMA1_Stream0_IRQHandler                  0x0800028f   Thumb Code     0  startup_stm32f401xc.o(.text)
    DMA1_Stream1_IRQHandler                  0x0800028f   Thumb Code     0  startup_stm32f401xc.o(.text)
    DMA1_Stream2_IRQHandler                  0x0800028f   Thumb Code     0  startup_stm32f401xc.o(.text)
    DMA1_Stream3_IRQHandler                  0x0800028f   Thumb Code     0  startup_stm32f401xc.o(.text)
    DMA1_Stream4_IRQHandler                  0x0800028f   Thumb Code     0  startup_stm32f401xc.o(.text)
    DMA1_Stream5_IRQHandler                  0x0800028f   Thumb Code     0  startup_stm32f401xc.o(.text)
    DMA1_Stream6_IRQHandler                  0x0800028f   Thumb Code     0  startup_stm32f401xc.o(.text)
    DMA1_Stream7_IRQHandler                  0x0800028f   Thumb Code     0  startup_stm32f401xc.o(.text)
    DMA2_Stream0_IRQHandler                  0x0800028f   Thumb Code     0  startup_stm32f401xc.o(.text)
    DMA2_Stream1_IRQHandler                  0x0800028f   Thumb Code     0  startup_stm32f401xc.o(.text)
    DMA2_Stream2_IRQHandler                  0x0800028f   Thumb Code     0  startup_stm32f401xc.o(.text)
    DMA2_Stream3_IRQHandler                  0x0800028f   Thumb Code     0  startup_stm32f401xc.o(.text)
    DMA2_Stream4_IRQHandler                  0x0800028f   Thumb Code     0  startup_stm32f401xc.o(.text)
    DMA2_Stream5_IRQHandler                  0x0800028f   Thumb Code     0  startup_stm32f401xc.o(.text)
    DMA2_Stream6_IRQHandler                  0x0800028f   Thumb Code     0  startup_stm32f401xc.o(.text)
    DMA2_Stream7_IRQHandler                  0x0800028f   Thumb Code     0  startup_stm32f401xc.o(.text)
    EXTI0_IRQHandler                         0x0800028f   Thumb Code     0  startup_stm32f401xc.o(.text)
    EXTI15_10_IRQHandler                     0x0800028f   Thumb Code     0  startup_stm32f401xc.o(.text)
    EXTI1_IRQHandler                         0x0800028f   Thumb Code     0  startup_stm32f401xc.o(.text)
    EXTI2_IRQHandler                         0x0800028f   Thumb Code     0  startup_stm32f401xc.o(.text)
    EXTI3_IRQHandler                         0x0800028f   Thumb Code     0  startup_stm32f401xc.o(.text)
    EXTI4_IRQHandler                         0x0800028f   Thumb Code     0  startup_stm32f401xc.o(.text)
    EXTI9_5_IRQHandler                       0x0800028f   Thumb Code     0  startup_stm32f401xc.o(.text)
    FLASH_IRQHandler                         0x0800028f   Thumb Code     0  startup_stm32f401xc.o(.text)
    FPU_IRQHandler                           0x0800028f   Thumb Code     0  startup_stm32f401xc.o(.text)
    I2C1_ER_IRQHandler                       0x0800028f   Thumb Code     0  startup_stm32f401xc.o(.text)
    I2C1_EV_IRQHandler                       0x0800028f   Thumb Code     0  startup_stm32f401xc.o(.text)
    I2C2_ER_IRQHandler                       0x0800028f   Thumb Code     0  startup_stm32f401xc.o(.text)
    I2C2_EV_IRQHandler                       0x0800028f   Thumb Code     0  startup_stm32f401xc.o(.text)
    I2C3_ER_IRQHandler                       0x0800028f   Thumb Code     0  startup_stm32f401xc.o(.text)
    I2C3_EV_IRQHandler                       0x0800028f   Thumb Code     0  startup_stm32f401xc.o(.text)
    OTG_FS_WKUP_IRQHandler                   0x0800028f   Thumb Code     0  startup_stm32f401xc.o(.text)
    PVD_IRQHandler                           0x0800028f   Thumb Code     0  startup_stm32f401xc.o(.text)
    RCC_IRQHandler                           0x0800028f   Thumb Code     0  startup_stm32f401xc.o(.text)
    RTC_Alarm_IRQHandler                     0x0800028f   Thumb Code     0  startup_stm32f401xc.o(.text)
    RTC_WKUP_IRQHandler                      0x0800028f   Thumb Code     0  startup_stm32f401xc.o(.text)
    SDIO_IRQHandler                          0x0800028f   Thumb Code     0  startup_stm32f401xc.o(.text)
    SPI1_IRQHandler                          0x0800028f   Thumb Code     0  startup_stm32f401xc.o(.text)
    SPI2_IRQHandler                          0x0800028f   Thumb Code     0  startup_stm32f401xc.o(.text)
    SPI3_IRQHandler                          0x0800028f   Thumb Code     0  startup_stm32f401xc.o(.text)
    SPI4_IRQHandler                          0x0800028f   Thumb Code     0  startup_stm32f401xc.o(.text)
    TAMP_STAMP_IRQHandler                    0x0800028f   Thumb Code     0  startup_stm32f401xc.o(.text)
    TIM1_BRK_TIM9_IRQHandler                 0x0800028f   Thumb Code     0  startup_stm32f401xc.o(.text)
    TIM1_CC_IRQHandler                       0x0800028f   Thumb Code     0  startup_stm32f401xc.o(.text)
    TIM1_TRG_COM_TIM11_IRQHandler            0x0800028f   Thumb Code     0  startup_stm32f401xc.o(.text)
    TIM1_UP_TIM10_IRQHandler                 0x0800028f   Thumb Code     0  startup_stm32f401xc.o(.text)
    TIM2_IRQHandler                          0x0800028f   Thumb Code     0  startup_stm32f401xc.o(.text)
    TIM3_IRQHandler                          0x0800028f   Thumb Code     0  startup_stm32f401xc.o(.text)
    TIM4_IRQHandler                          0x0800028f   Thumb Code     0  startup_stm32f401xc.o(.text)
    TIM5_IRQHandler                          0x0800028f   Thumb Code     0  startup_stm32f401xc.o(.text)
    USART1_IRQHandler                        0x0800028f   Thumb Code     0  startup_stm32f401xc.o(.text)
    USART2_IRQHandler                        0x0800028f   Thumb Code     0  startup_stm32f401xc.o(.text)
    USART6_IRQHandler                        0x0800028f   Thumb Code     0  startup_stm32f401xc.o(.text)
    WWDG_IRQHandler                          0x0800028f   Thumb Code     0  startup_stm32f401xc.o(.text)
    __user_initial_stackheap                 0x08000291   Thumb Code     0  startup_stm32f401xc.o(.text)
    __aeabi_uldivmod                         0x080002b5   Thumb Code     0  lludivv7m.o(.text)
    _ll_udiv                                 0x080002b5   Thumb Code   238  lludivv7m.o(.text)
    strlen                                   0x080003a3   Thumb Code    62  strlen.o(.text)
    __aeabi_memcpy                           0x080003e1   Thumb Code     0  rt_memcpy_v6.o(.text)
    __rt_memcpy                              0x080003e1   Thumb Code   138  rt_memcpy_v6.o(.text)
    _memcpy_lastbytes                        0x08000447   Thumb Code     0  rt_memcpy_v6.o(.text)
    __aeabi_memcpy4                          0x0800046b   Thumb Code     0  rt_memcpy_w.o(.text)
    __aeabi_memcpy8                          0x0800046b   Thumb Code     0  rt_memcpy_w.o(.text)
    __rt_memcpy_w                            0x0800046b   Thumb Code   100  rt_memcpy_w.o(.text)
    _memcpy_lastbytes_aligned                0x080004b3   Thumb Code     0  rt_memcpy_w.o(.text)
    __aeabi_memclr                           0x080004cf   Thumb Code     0  rt_memclr.o(.text)
    __rt_memclr                              0x080004cf   Thumb Code    68  rt_memclr.o(.text)
    _memset                                  0x080004d3   Thumb Code     0  rt_memclr.o(.text)
    __aeabi_memclr4                          0x08000513   Thumb Code     0  rt_memclr_w.o(.text)
    __aeabi_memclr8                          0x08000513   Thumb Code     0  rt_memclr_w.o(.text)
    __rt_memclr_w                            0x08000513   Thumb Code    78  rt_memclr_w.o(.text)
    _memset_w                                0x08000517   Thumb Code     0  rt_memclr_w.o(.text)
    __use_two_region_memory                  0x08000561   Thumb Code     2  heapauxi.o(.text)
    __rt_heap_escrow$2region                 0x08000563   Thumb Code     2  heapauxi.o(.text)
    __rt_heap_expand$2region                 0x08000565   Thumb Code     2  heapauxi.o(.text)
    __read_errno                             0x08000567   Thumb Code    10  _rserrno.o(.text)
    __set_errno                              0x08000571   Thumb Code    12  _rserrno.o(.text)
    __aeabi_errno_addr                       0x0800057d   Thumb Code     8  rt_errno_addr_intlibspace.o(.text)
    __errno$intlibspace                      0x0800057d   Thumb Code     0  rt_errno_addr_intlibspace.o(.text)
    __rt_errno_addr$intlibspace              0x0800057d   Thumb Code     0  rt_errno_addr_intlibspace.o(.text)
    __user_libspace                          0x08000585   Thumb Code     8  libspace.o(.text)
    __user_perproc_libspace                  0x08000585   Thumb Code     0  libspace.o(.text)
    __user_perthread_libspace                0x08000585   Thumb Code     0  libspace.o(.text)
    __user_setup_stackheap                   0x0800058d   Thumb Code    74  sys_stackheap_outer.o(.text)
    exit                                     0x080005d7   Thumb Code    18  exit.o(.text)
    _sys_exit                                0x080005e9   Thumb Code     8  sys_exit.o(.text)
    __I$use$semihosting                      0x080005f5   Thumb Code     0  use_no_semi.o(.text)
    __use_no_semihosting_swi                 0x080005f5   Thumb Code     2  use_no_semi.o(.text)
    BusFault_Handler                         0x080005f7   Thumb Code     2  stm32f4xx_it.o(i.BusFault_Handler)
    __semihosting_library_function           0x080005f7   Thumb Code     0  indicate_semi.o(.text)
    CDC_Transmit_FS                          0x08000665   Thumb Code    38  usbd_cdc_if.o(i.CDC_Transmit_FS)
    DHparam_init                             0x08000691   Thumb Code   124  armrobot_math.o(i.DHparam_init)
    DebugMon_Handler                         0x08000721   Thumb Code     2  stm32f4xx_it.o(i.DebugMon_Handler)
    Error_Handler                            0x08000723   Thumb Code     4  main.o(i.Error_Handler)
    HAL_Delay                                0x08000729   Thumb Code    32  stm32f4xx_hal.o(i.HAL_Delay)
    HAL_GPIO_Init                            0x0800074d   Thumb Code   446  stm32f4xx_hal_gpio.o(i.HAL_GPIO_Init)
    HAL_GPIO_WritePin                        0x0800092d   Thumb Code    10  stm32f4xx_hal_gpio.o(i.HAL_GPIO_WritePin)
    HAL_GetTick                              0x08000939   Thumb Code     6  stm32f4xx_hal.o(i.HAL_GetTick)
    HAL_IncTick                              0x08000945   Thumb Code    12  stm32f4xx_hal.o(i.HAL_IncTick)
    HAL_Init                                 0x08000955   Thumb Code    48  stm32f4xx_hal.o(i.HAL_Init)
    HAL_InitTick                             0x08000989   Thumb Code    54  stm32f4xx_hal.o(i.HAL_InitTick)
    HAL_MspInit                              0x080009c9   Thumb Code    42  stm32f4xx_hal_msp.o(i.HAL_MspInit)
    HAL_NVIC_EnableIRQ                       0x080009f9   Thumb Code    26  stm32f4xx_hal_cortex.o(i.HAL_NVIC_EnableIRQ)
    HAL_NVIC_SetPriority                     0x08000a15   Thumb Code    60  stm32f4xx_hal_cortex.o(i.HAL_NVIC_SetPriority)
    HAL_NVIC_SetPriorityGrouping             0x08000a55   Thumb Code    26  stm32f4xx_hal_cortex.o(i.HAL_NVIC_SetPriorityGrouping)
    HAL_PCDEx_LPM_Callback                   0x08000a79   Thumb Code     2  stm32f4xx_hal_pcd_ex.o(i.HAL_PCDEx_LPM_Callback)
    HAL_PCDEx_SetRxFiFo                      0x08000a7b   Thumb Code     8  stm32f4xx_hal_pcd_ex.o(i.HAL_PCDEx_SetRxFiFo)
    HAL_PCDEx_SetTxFiFo                      0x08000a83   Thumb Code    68  stm32f4xx_hal_pcd_ex.o(i.HAL_PCDEx_SetTxFiFo)
    HAL_PCD_ConnectCallback                  0x08000ac7   Thumb Code     8  usbd_conf.o(i.HAL_PCD_ConnectCallback)
    HAL_PCD_DataInStageCallback              0x08000acf   Thumb Code    18  usbd_conf.o(i.HAL_PCD_DataInStageCallback)
    HAL_PCD_DataOutStageCallback             0x08000ae1   Thumb Code    20  usbd_conf.o(i.HAL_PCD_DataOutStageCallback)
    HAL_PCD_DisconnectCallback               0x08000af5   Thumb Code     8  usbd_conf.o(i.HAL_PCD_DisconnectCallback)
    HAL_PCD_EP_Abort                         0x08000afd   Thumb Code    30  stm32f4xx_hal_pcd.o(i.HAL_PCD_EP_Abort)
    HAL_PCD_EP_Close                         0x08000b1b   Thumb Code    76  stm32f4xx_hal_pcd.o(i.HAL_PCD_EP_Close)
    HAL_PCD_EP_ClrStall                      0x08000b67   Thumb Code    92  stm32f4xx_hal_pcd.o(i.HAL_PCD_EP_ClrStall)
    HAL_PCD_EP_GetRxCount                    0x08000bc3   Thumb Code    18  stm32f4xx_hal_pcd.o(i.HAL_PCD_EP_GetRxCount)
    HAL_PCD_EP_Open                          0x08000bd5   Thumb Code    96  stm32f4xx_hal_pcd.o(i.HAL_PCD_EP_Open)
    HAL_PCD_EP_Receive                       0x08000c35   Thumb Code    72  stm32f4xx_hal_pcd.o(i.HAL_PCD_EP_Receive)
    HAL_PCD_EP_SetStall                      0x08000c7d   Thumb Code   116  stm32f4xx_hal_pcd.o(i.HAL_PCD_EP_SetStall)
    HAL_PCD_EP_Transmit                      0x08000cf1   Thumb Code    64  stm32f4xx_hal_pcd.o(i.HAL_PCD_EP_Transmit)
    HAL_PCD_IRQHandler                       0x08000d31   Thumb Code  1376  stm32f4xx_hal_pcd.o(i.HAL_PCD_IRQHandler)
    HAL_PCD_ISOINIncompleteCallback          0x08001291   Thumb Code     8  usbd_conf.o(i.HAL_PCD_ISOINIncompleteCallback)
    HAL_PCD_ISOOUTIncompleteCallback         0x08001299   Thumb Code     8  usbd_conf.o(i.HAL_PCD_ISOOUTIncompleteCallback)
    HAL_PCD_Init                             0x080012a1   Thumb Code   226  stm32f4xx_hal_pcd.o(i.HAL_PCD_Init)
    HAL_PCD_MspInit                          0x08001385   Thumb Code   122  usbd_conf.o(i.HAL_PCD_MspInit)
    HAL_PCD_ResetCallback                    0x08001409   Thumb Code    38  usbd_conf.o(i.HAL_PCD_ResetCallback)
    HAL_PCD_ResumeCallback                   0x0800142f   Thumb Code     8  usbd_conf.o(i.HAL_PCD_ResumeCallback)
    HAL_PCD_SOFCallback                      0x08001437   Thumb Code     8  usbd_conf.o(i.HAL_PCD_SOFCallback)
    HAL_PCD_SetAddress                       0x0800143f   Thumb Code    40  stm32f4xx_hal_pcd.o(i.HAL_PCD_SetAddress)
    HAL_PCD_SetupStageCallback               0x08001467   Thumb Code    14  usbd_conf.o(i.HAL_PCD_SetupStageCallback)
    HAL_PCD_Start                            0x08001475   Thumb Code    66  stm32f4xx_hal_pcd.o(i.HAL_PCD_Start)
    HAL_PCD_SuspendCallback                  0x080014b9   Thumb Code    44  usbd_conf.o(i.HAL_PCD_SuspendCallback)
    HAL_RCC_CSSCallback                      0x080014e9   Thumb Code     2  stm32f4xx_hal_rcc.o(i.HAL_RCC_CSSCallback)
    HAL_RCC_ClockConfig                      0x080014ed   Thumb Code   288  stm32f4xx_hal_rcc.o(i.HAL_RCC_ClockConfig)
    HAL_RCC_EnableCSS                        0x08001621   Thumb Code     8  stm32f4xx_hal_rcc.o(i.HAL_RCC_EnableCSS)
    HAL_RCC_GetHCLKFreq                      0x0800162d   Thumb Code     6  stm32f4xx_hal_rcc.o(i.HAL_RCC_GetHCLKFreq)
    HAL_RCC_GetSysClockFreq                  0x08001639   Thumb Code    88  stm32f4xx_hal_rcc.o(i.HAL_RCC_GetSysClockFreq)
    HAL_RCC_NMI_IRQHandler                   0x0800169d   Thumb Code    24  stm32f4xx_hal_rcc.o(i.HAL_RCC_NMI_IRQHandler)
    HAL_RCC_OscConfig                        0x080016b9   Thumb Code   856  stm32f4xx_hal_rcc.o(i.HAL_RCC_OscConfig)
    HAL_SYSTICK_Config                       0x08001a25   Thumb Code    40  stm32f4xx_hal_cortex.o(i.HAL_SYSTICK_Config)
    HardFault_Handler                        0x08001a4d   Thumb Code     2  stm32f4xx_it.o(i.HardFault_Handler)
    MX_USB_DEVICE_Init                       0x08001b09   Thumb Code    66  usb_device.o(i.MX_USB_DEVICE_Init)
    MemManage_Handler                        0x08001b5d   Thumb Code     2  stm32f4xx_it.o(i.MemManage_Handler)
    NMI_Handler                              0x08001b5f   Thumb Code     6  stm32f4xx_it.o(i.NMI_Handler)
    OTG_FS_IRQHandler                        0x08001b65   Thumb Code     6  stm32f4xx_it.o(i.OTG_FS_IRQHandler)
    PendSV_Handler                           0x08001cdf   Thumb Code     2  stm32f4xx_it.o(i.PendSV_Handler)
    SVC_Handler                              0x08001ce1   Thumb Code     2  stm32f4xx_it.o(i.SVC_Handler)
    SysTick_Handler                          0x08001ced   Thumb Code     4  stm32f4xx_it.o(i.SysTick_Handler)
    SystemClock_Config                       0x08001cf1   Thumb Code   146  main.o(i.SystemClock_Config)
    SystemInit                               0x08001d8d   Thumb Code    12  system_stm32f4xx.o(i.SystemInit)
    USBD_CDC_GetDeviceQualifierDescriptor    0x08001f19   Thumb Code     8  usbd_cdc.o(i.USBD_CDC_GetDeviceQualifierDescriptor)
    USBD_CDC_ReceivePacket                   0x080020f5   Thumb Code    50  usbd_cdc.o(i.USBD_CDC_ReceivePacket)
    USBD_CDC_RegisterInterface               0x0800212d   Thumb Code    22  usbd_cdc.o(i.USBD_CDC_RegisterInterface)
    USBD_CDC_SetRxBuffer                     0x08002143   Thumb Code    26  usbd_cdc.o(i.USBD_CDC_SetRxBuffer)
    USBD_CDC_SetTxBuffer                     0x0800215d   Thumb Code    30  usbd_cdc.o(i.USBD_CDC_SetTxBuffer)
    USBD_CDC_TransmitPacket                  0x08002251   Thumb Code    76  usbd_cdc.o(i.USBD_CDC_TransmitPacket)
    USBD_ClrClassConfig                      0x080022a1   Thumb Code    20  usbd_core.o(i.USBD_ClrClassConfig)
    USBD_CoreFindEP                          0x080022b5   Thumb Code     4  usbd_core.o(i.USBD_CoreFindEP)
    USBD_CoreFindIF                          0x080022b9   Thumb Code     4  usbd_core.o(i.USBD_CoreFindIF)
    USBD_CtlContinueRx                       0x080022bd   Thumb Code    16  usbd_ioreq.o(i.USBD_CtlContinueRx)
    USBD_CtlContinueSendData                 0x080022cd   Thumb Code    16  usbd_ioreq.o(i.USBD_CtlContinueSendData)
    USBD_CtlError                            0x080022dd   Thumb Code    22  usbd_ctlreq.o(i.USBD_CtlError)
    USBD_CtlPrepareRx                        0x080022f3   Thumb Code    30  usbd_ioreq.o(i.USBD_CtlPrepareRx)
    USBD_CtlReceiveStatus                    0x08002311   Thumb Code    22  usbd_ioreq.o(i.USBD_CtlReceiveStatus)
    USBD_CtlSendData                         0x08002327   Thumb Code    26  usbd_ioreq.o(i.USBD_CtlSendData)
    USBD_CtlSendStatus                       0x08002341   Thumb Code    22  usbd_ioreq.o(i.USBD_CtlSendStatus)
    USBD_FS_ConfigStrDescriptor              0x08002359   Thumb Code    16  usbd_desc.o(i.USBD_FS_ConfigStrDescriptor)
    USBD_FS_DeviceDescriptor                 0x08002379   Thumb Code     8  usbd_desc.o(i.USBD_FS_DeviceDescriptor)
    USBD_FS_InterfaceStrDescriptor           0x08002385   Thumb Code    16  usbd_desc.o(i.USBD_FS_InterfaceStrDescriptor)
    USBD_FS_LangIDStrDescriptor              0x080023a9   Thumb Code     8  usbd_desc.o(i.USBD_FS_LangIDStrDescriptor)
    USBD_FS_ManufacturerStrDescriptor        0x080023b5   Thumb Code    16  usbd_desc.o(i.USBD_FS_ManufacturerStrDescriptor)
    USBD_FS_ProductStrDescriptor             0x080023dd   Thumb Code    16  usbd_desc.o(i.USBD_FS_ProductStrDescriptor)
    USBD_FS_SerialStrDescriptor              0x080023fd   Thumb Code    48  usbd_desc.o(i.USBD_FS_SerialStrDescriptor)
    USBD_GetEpDesc                           0x0800251b   Thumb Code    58  usbd_core.o(i.USBD_GetEpDesc)
    USBD_GetNextDesc                         0x08002555   Thumb Code    14  usbd_core.o(i.USBD_GetNextDesc)
    USBD_GetString                           0x08002563   Thumb Code    72  usbd_ctlreq.o(i.USBD_GetString)
    USBD_Get_USB_Status                      0x080025ab   Thumb Code    24  usbd_conf.o(i.USBD_Get_USB_Status)
    USBD_Init                                0x080025c3   Thumb Code    38  usbd_core.o(i.USBD_Init)
    USBD_LL_ClearStallEP                     0x080025e9   Thumb Code    18  usbd_conf.o(i.USBD_LL_ClearStallEP)
    USBD_LL_CloseEP                          0x080025fb   Thumb Code    18  usbd_conf.o(i.USBD_LL_CloseEP)
    USBD_LL_DataInStage                      0x0800260d   Thumb Code   182  usbd_core.o(i.USBD_LL_DataInStage)
    USBD_LL_DataOutStage                     0x080026c3   Thumb Code   142  usbd_core.o(i.USBD_LL_DataOutStage)
    USBD_LL_DevConnected                     0x08002751   Thumb Code     4  usbd_core.o(i.USBD_LL_DevConnected)
    USBD_LL_DevDisconnected                  0x08002755   Thumb Code    30  usbd_core.o(i.USBD_LL_DevDisconnected)
    USBD_LL_GetRxDataSize                    0x08002773   Thumb Code     8  usbd_conf.o(i.USBD_LL_GetRxDataSize)
    USBD_LL_Init                             0x0800277d   Thumb Code    90  usbd_conf.o(i.USBD_LL_Init)
    USBD_LL_IsStallEP                        0x080027dd   Thumb Code    32  usbd_conf.o(i.USBD_LL_IsStallEP)
    USBD_LL_IsoINIncomplete                  0x080027fd   Thumb Code    40  usbd_core.o(i.USBD_LL_IsoINIncomplete)
    USBD_LL_IsoOUTIncomplete                 0x08002825   Thumb Code    40  usbd_core.o(i.USBD_LL_IsoOUTIncomplete)
    USBD_LL_OpenEP                           0x0800284d   Thumb Code    24  usbd_conf.o(i.USBD_LL_OpenEP)
    USBD_LL_PrepareReceive                   0x08002865   Thumb Code    18  usbd_conf.o(i.USBD_LL_PrepareReceive)
    USBD_LL_Reset                            0x08002877   Thumb Code    92  usbd_core.o(i.USBD_LL_Reset)
    USBD_LL_Resume                           0x080028d3   Thumb Code    20  usbd_core.o(i.USBD_LL_Resume)
    USBD_LL_SOF                              0x080028e7   Thumb Code    26  usbd_core.o(i.USBD_LL_SOF)
    USBD_LL_SetSpeed                         0x08002901   Thumb Code     6  usbd_core.o(i.USBD_LL_SetSpeed)
    USBD_LL_SetUSBAddress                    0x08002907   Thumb Code    18  usbd_conf.o(i.USBD_LL_SetUSBAddress)
    USBD_LL_SetupStage                       0x08002919   Thumb Code    96  usbd_core.o(i.USBD_LL_SetupStage)
    USBD_LL_StallEP                          0x08002979   Thumb Code    18  usbd_conf.o(i.USBD_LL_StallEP)
    USBD_LL_Start                            0x0800298b   Thumb Code    18  usbd_conf.o(i.USBD_LL_Start)
    USBD_LL_Suspend                          0x0800299d   Thumb Code    18  usbd_core.o(i.USBD_LL_Suspend)
    USBD_LL_Transmit                         0x080029af   Thumb Code    18  usbd_conf.o(i.USBD_LL_Transmit)
    USBD_ParseSetupRequest                   0x080029c1   Thumb Code    44  usbd_ctlreq.o(i.USBD_ParseSetupRequest)
    USBD_RegisterClass                       0x080029ed   Thumb Code    58  usbd_core.o(i.USBD_RegisterClass)
    USBD_SetClassConfig                      0x08002a27   Thumb Code    20  usbd_core.o(i.USBD_SetClassConfig)
    USBD_Start                               0x08002af5   Thumb Code     4  usbd_core.o(i.USBD_Start)
    USBD_StdDevReq                           0x08002af9   Thumb Code   300  usbd_ctlreq.o(i.USBD_StdDevReq)
    USBD_StdEPReq                            0x08002c25   Thumb Code   352  usbd_ctlreq.o(i.USBD_StdEPReq)
    USBD_StdItfReq                           0x08002d85   Thumb Code   114  usbd_ctlreq.o(i.USBD_StdItfReq)
    USBD_static_free                         0x08002df7   Thumb Code     2  usbd_conf.o(i.USBD_static_free)
    USBD_static_malloc                       0x08002df9   Thumb Code     4  usbd_conf.o(i.USBD_static_malloc)
    USB_ActivateEndpoint                     0x08002e01   Thumb Code   122  stm32f4xx_ll_usb.o(i.USB_ActivateEndpoint)
    USB_ActivateSetup                        0x08002e81   Thumb Code    28  stm32f4xx_ll_usb.o(i.USB_ActivateSetup)
    USB_CoreInit                             0x08002e9d   Thumb Code   112  stm32f4xx_ll_usb.o(i.USB_CoreInit)
    USB_DeactivateEndpoint                   0x08002f51   Thumb Code   194  stm32f4xx_ll_usb.o(i.USB_DeactivateEndpoint)
    USB_DevConnect                           0x0800301d   Thumb Code    28  stm32f4xx_ll_usb.o(i.USB_DevConnect)
    USB_DevDisconnect                        0x08003039   Thumb Code    28  stm32f4xx_ll_usb.o(i.USB_DevDisconnect)
    USB_DevInit                              0x08003055   Thumb Code   362  stm32f4xx_ll_usb.o(i.USB_DevInit)
    USB_DisableGlobalInt                     0x080031c9   Thumb Code    12  stm32f4xx_ll_usb.o(i.USB_DisableGlobalInt)
    USB_EP0StartXfer                         0x080031d5   Thumb Code   280  stm32f4xx_ll_usb.o(i.USB_EP0StartXfer)
    USB_EP0_OutStart                         0x080032f1   Thumb Code    84  stm32f4xx_ll_usb.o(i.USB_EP0_OutStart)
    USB_EPClearStall                         0x08003349   Thumb Code    88  stm32f4xx_ll_usb.o(i.USB_EPClearStall)
    USB_EPSetStall                           0x080033a1   Thumb Code    88  stm32f4xx_ll_usb.o(i.USB_EPSetStall)
    USB_EPStartXfer                          0x080033f9   Thumb Code   480  stm32f4xx_ll_usb.o(i.USB_EPStartXfer)
    USB_EPStopXfer                           0x080035dd   Thumb Code   158  stm32f4xx_ll_usb.o(i.USB_EPStopXfer)
    USB_EnableGlobalInt                      0x0800367b   Thumb Code    12  stm32f4xx_ll_usb.o(i.USB_EnableGlobalInt)
    USB_FlushRxFifo                          0x08003689   Thumb Code    54  stm32f4xx_ll_usb.o(i.USB_FlushRxFifo)
    USB_FlushTxFifo                          0x080036c5   Thumb Code    58  stm32f4xx_ll_usb.o(i.USB_FlushTxFifo)
    USB_GetDevSpeed                          0x08003705   Thumb Code    26  stm32f4xx_ll_usb.o(i.USB_GetDevSpeed)
    USB_GetMode                              0x0800371f   Thumb Code     8  stm32f4xx_ll_usb.o(i.USB_GetMode)
    USB_ReadDevAllInEpInterrupt              0x08003727   Thumb Code    14  stm32f4xx_ll_usb.o(i.USB_ReadDevAllInEpInterrupt)
    USB_ReadDevAllOutEpInterrupt             0x08003735   Thumb Code    14  stm32f4xx_ll_usb.o(i.USB_ReadDevAllOutEpInterrupt)
    USB_ReadDevInEPInterrupt                 0x08003743   Thumb Code    36  stm32f4xx_ll_usb.o(i.USB_ReadDevInEPInterrupt)
    USB_ReadDevOutEPInterrupt                0x08003767   Thumb Code    16  stm32f4xx_ll_usb.o(i.USB_ReadDevOutEPInterrupt)
    USB_ReadInterrupts                       0x08003777   Thumb Code     8  stm32f4xx_ll_usb.o(i.USB_ReadInterrupts)
    USB_ReadPacket                           0x0800377f   Thumb Code    62  stm32f4xx_ll_usb.o(i.USB_ReadPacket)
    USB_SetCurrentMode                       0x080037bd   Thumb Code    92  stm32f4xx_ll_usb.o(i.USB_SetCurrentMode)
    USB_SetDevAddress                        0x08003819   Thumb Code    34  stm32f4xx_ll_usb.o(i.USB_SetDevAddress)
    USB_SetTurnaroundTime                    0x0800383d   Thumb Code   158  stm32f4xx_ll_usb.o(i.USB_SetTurnaroundTime)
    USB_WritePacket                          0x08003925   Thumb Code    40  stm32f4xx_ll_usb.o(i.USB_WritePacket)
    UsageFault_Handler                       0x0800394d   Thumb Code     2  stm32f4xx_it.o(i.UsageFault_Handler)
    __ARM_fpclassify                         0x0800394f   Thumb Code    48  fpclassify.o(i.__ARM_fpclassify)
    __hardfp_acos                            0x080039a1   Thumb Code   738  acos.o(i.__hardfp_acos)
    __hardfp_atan                            0x08003cf9   Thumb Code   622  atan.o(i.__hardfp_atan)
    __hardfp_atan2                           0x08003fd1   Thumb Code   448  atan2.o(i.__hardfp_atan2)
    __hardfp_cos                             0x080041d1   Thumb Code   180  cos.o(i.__hardfp_cos)
    __hardfp_pow                             0x08004299   Thumb Code  3072  pow.o(i.__hardfp_pow)
    __hardfp_sin                             0x08004ee9   Thumb Code   180  sin.o(i.__hardfp_sin)
    __hardfp_sqrt                            0x08004fb1   Thumb Code   122  sqrt.o(i.__hardfp_sqrt)
    __ieee754_rem_pio2                       0x08005031   Thumb Code   938  rred.o(i.__ieee754_rem_pio2)
    __kernel_cos                             0x08005469   Thumb Code   322  cos_i.o(i.__kernel_cos)
    __kernel_poly                            0x080055d9   Thumb Code   248  poly.o(i.__kernel_poly)
    __kernel_sin                             0x080056d1   Thumb Code   280  sin_i.o(i.__kernel_sin)
    __mathlib_dbl_divzero                    0x08005801   Thumb Code    28  dunder.o(i.__mathlib_dbl_divzero)
    __mathlib_dbl_infnan                     0x08005831   Thumb Code    20  dunder.o(i.__mathlib_dbl_infnan)
    __mathlib_dbl_infnan2                    0x08005845   Thumb Code    20  dunder.o(i.__mathlib_dbl_infnan2)
    __mathlib_dbl_invalid                    0x08005859   Thumb Code    24  dunder.o(i.__mathlib_dbl_invalid)
    __mathlib_dbl_overflow                   0x08005879   Thumb Code    24  dunder.o(i.__mathlib_dbl_overflow)
    __mathlib_dbl_underflow                  0x08005899   Thumb Code    24  dunder.o(i.__mathlib_dbl_underflow)
    atan                                     0x080058b9   Thumb Code    16  atan.o(i.atan)
    calculate_all_link                       0x080058c9   Thumb Code   558  armrobot_math.o(i.calculate_all_link)
    calculate_tf_rot_axis                    0x08005b09   Thumb Code   138  armrobot_math.o(i.calculate_tf_rot_axis)
    fabs                                     0x08005b93   Thumb Code    24  fabs.o(i.fabs)
    forward_transform_matrix                 0x08005bad   Thumb Code  4322  armrobot_math.o(i.forward_transform_matrix)
    main                                     0x08006c91   Thumb Code   472  main.o(i.main)
    multiply_3x3                             0x08006e7d   Thumb Code    92  armrobot_math.o(i.multiply_3x3)
    multiply_4x4                             0x08006edd   Thumb Code    84  armrobot_math.o(i.multiply_4x4)
    receive_data                             0x08006f35   Thumb Code    64  main.o(i.receive_data)
    reset_buffer                             0x08006f79   Thumb Code    38  main.o(i.reset_buffer)
    run_forward_kinematic                    0x08006fa5   Thumb Code    96  armrobot_math.o(i.run_forward_kinematic)
    run_inverse_kinematic                    0x0800700d   Thumb Code  4524  armrobot_math.o(i.run_inverse_kinematic)
    sanitize_zero                            0x080081b9   Thumb Code    16  armrobot_math.o(i.sanitize_zero)
    send_data                                0x080081cd   Thumb Code    16  main.o(i.send_data)
    sqrt                                     0x080081dd   Thumb Code   110  sqrt.o(i.sqrt)
    toolframe_init                           0x0800824d   Thumb Code    98  armrobot_math.o(i.toolframe_init)
    __aeabi_dneg                             0x080082b9   Thumb Code     0  basic.o(x$fpl$basic)
    _dneg                                    0x080082b9   Thumb Code     6  basic.o(x$fpl$basic)
    __aeabi_fneg                             0x080082bf   Thumb Code     0  basic.o(x$fpl$basic)
    _fneg                                    0x080082bf   Thumb Code     6  basic.o(x$fpl$basic)
    _dabs                                    0x080082c5   Thumb Code     6  basic.o(x$fpl$basic)
    _fabs                                    0x080082cb   Thumb Code     6  basic.o(x$fpl$basic)
    __aeabi_d2f                              0x080082d1   Thumb Code     0  d2f.o(x$fpl$d2f)
    _d2f                                     0x080082d1   Thumb Code    98  d2f.o(x$fpl$d2f)
    __aeabi_dadd                             0x08008335   Thumb Code     0  daddsub_clz.o(x$fpl$dadd)
    _dadd                                    0x08008335   Thumb Code   332  daddsub_clz.o(x$fpl$dadd)
    __fpl_dcheck_NaN1                        0x08008485   Thumb Code    10  dcheck1.o(x$fpl$dcheck1)
    __fpl_dcmp_Inf                           0x08008495   Thumb Code    24  dcmpi.o(x$fpl$dcmpinf)
    __aeabi_ddiv                             0x080084ad   Thumb Code     0  ddiv.o(x$fpl$ddiv)
    _ddiv                                    0x080084ad   Thumb Code   552  ddiv.o(x$fpl$ddiv)
    __aeabi_cdcmpeq                          0x0800875d   Thumb Code     0  deqf.o(x$fpl$deqf)
    _dcmpeq                                  0x0800875d   Thumb Code   120  deqf.o(x$fpl$deqf)
    __aeabi_d2iz                             0x080087d5   Thumb Code     0  dfix.o(x$fpl$dfix)
    _dfix                                    0x080087d5   Thumb Code    94  dfix.o(x$fpl$dfix)
    __aeabi_i2d                              0x08008833   Thumb Code     0  dflt_clz.o(x$fpl$dflt)
    _dflt                                    0x08008833   Thumb Code    46  dflt_clz.o(x$fpl$dflt)
    __aeabi_ui2d                             0x08008861   Thumb Code     0  dflt_clz.o(x$fpl$dfltu)
    _dfltu                                   0x08008861   Thumb Code    38  dflt_clz.o(x$fpl$dfltu)
    __aeabi_cdcmple                          0x08008889   Thumb Code     0  dleqf.o(x$fpl$dleqf)
    _dcmple                                  0x08008889   Thumb Code   120  dleqf.o(x$fpl$dleqf)
    __fpl_dcmple_InfNaN                      0x080088eb   Thumb Code     0  dleqf.o(x$fpl$dleqf)
    __aeabi_dmul                             0x08008901   Thumb Code     0  dmul.o(x$fpl$dmul)
    _dmul                                    0x08008901   Thumb Code   332  dmul.o(x$fpl$dmul)
    __fpl_dnaninf                            0x08008a55   Thumb Code   156  dnaninf.o(x$fpl$dnaninf)
    __fpl_dretinf                            0x08008af1   Thumb Code    12  dretinf.o(x$fpl$dretinf)
    __aeabi_cdrcmple                         0x08008afd   Thumb Code     0  drleqf.o(x$fpl$drleqf)
    _drcmple                                 0x08008afd   Thumb Code   108  drleqf.o(x$fpl$drleqf)
    __aeabi_drsub                            0x08008b69   Thumb Code     0  daddsub_clz.o(x$fpl$drsb)
    _drsb                                    0x08008b69   Thumb Code    22  daddsub_clz.o(x$fpl$drsb)
    _dsqrt                                   0x08008b81   Thumb Code   404  dsqrt_umaal.o(x$fpl$dsqrt)
    __aeabi_dsub                             0x08008d19   Thumb Code     0  daddsub_clz.o(x$fpl$dsub)
    _dsub                                    0x08008d19   Thumb Code   464  daddsub_clz.o(x$fpl$dsub)
    __aeabi_f2d                              0x08008eed   Thumb Code     0  f2d.o(x$fpl$f2d)
    _f2d                                     0x08008eed   Thumb Code    86  f2d.o(x$fpl$f2d)
    __fpl_fnaninf                            0x08008f43   Thumb Code   140  fnaninf.o(x$fpl$fnaninf)
    _fp_init                                 0x08008fcf   Thumb Code    10  fpinit.o(x$fpl$fpinit)
    __fplib_config_fpu_vfp                   0x08008fd7   Thumb Code     0  fpinit.o(x$fpl$fpinit)
    __fplib_config_pureend_doubles           0x08008fd7   Thumb Code     0  fpinit.o(x$fpl$fpinit)
    __fpl_fretinf                            0x08008fd9   Thumb Code    10  fretinf.o(x$fpl$fretinf)
    __fpl_return_NaN                         0x08008fe3   Thumb Code   100  retnan.o(x$fpl$retnan)
    __ARM_scalbn                             0x08009047   Thumb Code    92  scalbn.o(x$fpl$scalbn)
    __fpl_cmpreturn                          0x080090a3   Thumb Code    48  trapv.o(x$fpl$trapveneer)
    AHBPrescTable                            0x080090d2   Data          16  system_stm32f4xx.o(.constdata)
    __I$use$fp                               0x080090d2   Number         0  usenofp.o(x$fpl$usenofp)
    __mathlib_zero                           0x08009288   Data           8  qnan.o(.constdata)
    Region$$Table$$Base                      0x08009380   Number         0  anon$$obj.o(Region$$Table)
    Region$$Table$$Limit                     0x080093a0   Number         0  anon$$obj.o(Region$$Table)
    connected_text                           0x20000000   Data          20  main.o(.data)
    joint_d                                  0x20000014   Data          24  main.o(.data)
    joint_a                                  0x2000002c   Data          24  main.o(.data)
    joint_alpha                              0x20000044   Data          24  main.o(.data)
    FS_Desc                                  0x2000005c   Data          28  usbd_desc.o(.data)
    USBD_LangIDDesc                          0x20000078   Data           4  usbd_desc.o(.data)
    USBD_FS_DeviceDesc                       0x2000007c   Data          18  usbd_desc.o(.data)
    USBD_StringSerial                        0x20000090   Data          26  usbd_desc.o(.data)
    USBD_Interface_fops_FS                   0x200000ac   Data          20  usbd_cdc_if.o(.data)
    uwTickFreq                               0x200000c0   Data           1  stm32f4xx_hal.o(.data)
    uwTickPrio                               0x200000c4   Data           4  stm32f4xx_hal.o(.data)
    uwTick                                   0x200000c8   Data           4  stm32f4xx_hal.o(.data)
    SystemCoreClock                          0x200000cc   Data           4  system_stm32f4xx.o(.data)
    USBD_CDC                                 0x20000128   Data          56  usbd_cdc.o(.data)
    kinematics                               0x20000160   Data        2412  main.o(.bss)
    tx_buff                                  0x20000acc   Data          32  main.o(.bss)
    rx_buff                                  0x20000aec   Data          64  main.o(.bss)
    input_angle                              0x20000b2c   Data          24  main.o(.bss)
    input_pos                                0x20000b44   Data          24  main.o(.bss)
    payload                                  0x20000b5c   Data          24  main.o(.bss)
    received_data                            0x20000b74   Data          27  main.o(.bss)
    hUsbDeviceFS                             0x20000b90   Data         732  usb_device.o(.bss)
    USBD_StrDesc                             0x20000e6c   Data         512  usbd_desc.o(.bss)
    UserRxBufferFS                           0x2000106c   Data        1024  usbd_cdc_if.o(.bss)
    UserTxBufferFS                           0x2000146c   Data        1024  usbd_cdc_if.o(.bss)
    hpcd_USB_OTG_FS                          0x20001a8c   Data        1292  usbd_conf.o(.bss)
    __libspace_start                         0x20001f98   Data          96  libspace.o(.bss)
    __temporary_stack_top$libspace           0x20001ff8   Data           0  libspace.o(.bss)



==============================================================================

Memory Map of the image

  Image Entry point : 0x08000195

  Load Region LR_IROM1 (Base: 0x08000000, Size: 0x00009500, Max: 0x00040000, ABSOLUTE, COMPRESSED[0x00009488])

    Execution Region ER_IROM1 (Exec base: 0x08000000, Load base: 0x08000000, Size: 0x000093a0, Max: 0x00040000, ABSOLUTE)

    Exec Addr    Load Addr    Size         Type   Attr      Idx    E Section Name        Object

    0x08000000   0x08000000   0x00000194   Data   RO            3    RESET               startup_stm32f401xc.o
    0x08000194   0x08000194   0x00000008   Code   RO         3057  * !!!main             c_w.l(__main.o)
    0x0800019c   0x0800019c   0x00000034   Code   RO         3419    !!!scatter          c_w.l(__scatter.o)
    0x080001d0   0x080001d0   0x0000005a   Code   RO         3417    !!dczerorl2         c_w.l(__dczerorl2.o)
    0x0800022a   0x0800022a   0x00000002   PAD
    0x0800022c   0x0800022c   0x0000001c   Code   RO         3421    !!handler_zi        c_w.l(__scatter_zi.o)
    0x08000248   0x08000248   0x00000002   Code   RO         3284    .ARM.Collect$$libinit$$00000000  c_w.l(libinit.o)
    0x0800024a   0x0800024a   0x00000004   Code   RO         3295    .ARM.Collect$$libinit$$00000001  c_w.l(libinit2.o)
    0x0800024e   0x0800024e   0x00000000   Code   RO         3298    .ARM.Collect$$libinit$$00000004  c_w.l(libinit2.o)
    0x0800024e   0x0800024e   0x00000000   Code   RO         3301    .ARM.Collect$$libinit$$0000000A  c_w.l(libinit2.o)
    0x0800024e   0x0800024e   0x00000000   Code   RO         3303    .ARM.Collect$$libinit$$0000000C  c_w.l(libinit2.o)
    0x0800024e   0x0800024e   0x00000000   Code   RO         3305    .ARM.Collect$$libinit$$0000000E  c_w.l(libinit2.o)
    0x0800024e   0x0800024e   0x00000000   Code   RO         3308    .ARM.Collect$$libinit$$00000011  c_w.l(libinit2.o)
    0x0800024e   0x0800024e   0x00000000   Code   RO         3310    .ARM.Collect$$libinit$$00000013  c_w.l(libinit2.o)
    0x0800024e   0x0800024e   0x00000000   Code   RO         3312    .ARM.Collect$$libinit$$00000015  c_w.l(libinit2.o)
    0x0800024e   0x0800024e   0x00000000   Code   RO         3314    .ARM.Collect$$libinit$$00000017  c_w.l(libinit2.o)
    0x0800024e   0x0800024e   0x00000000   Code   RO         3316    .ARM.Collect$$libinit$$00000019  c_w.l(libinit2.o)
    0x0800024e   0x0800024e   0x00000000   Code   RO         3318    .ARM.Collect$$libinit$$0000001B  c_w.l(libinit2.o)
    0x0800024e   0x0800024e   0x00000000   Code   RO         3320    .ARM.Collect$$libinit$$0000001D  c_w.l(libinit2.o)
    0x0800024e   0x0800024e   0x00000000   Code   RO         3322    .ARM.Collect$$libinit$$0000001F  c_w.l(libinit2.o)
    0x0800024e   0x0800024e   0x00000000   Code   RO         3324    .ARM.Collect$$libinit$$00000021  c_w.l(libinit2.o)
    0x0800024e   0x0800024e   0x00000000   Code   RO         3326    .ARM.Collect$$libinit$$00000023  c_w.l(libinit2.o)
    0x0800024e   0x0800024e   0x00000000   Code   RO         3328    .ARM.Collect$$libinit$$00000025  c_w.l(libinit2.o)
    0x0800024e   0x0800024e   0x00000000   Code   RO         3332    .ARM.Collect$$libinit$$0000002C  c_w.l(libinit2.o)
    0x0800024e   0x0800024e   0x00000000   Code   RO         3334    .ARM.Collect$$libinit$$0000002E  c_w.l(libinit2.o)
    0x0800024e   0x0800024e   0x00000000   Code   RO         3336    .ARM.Collect$$libinit$$00000030  c_w.l(libinit2.o)
    0x0800024e   0x0800024e   0x00000000   Code   RO         3338    .ARM.Collect$$libinit$$00000032  c_w.l(libinit2.o)
    0x0800024e   0x0800024e   0x00000002   Code   RO         3339    .ARM.Collect$$libinit$$00000033  c_w.l(libinit2.o)
    0x08000250   0x08000250   0x00000002   Code   RO         3372    .ARM.Collect$$libshutdown$$00000000  c_w.l(libshutdown.o)
    0x08000252   0x08000252   0x00000000   Code   RO         3398    .ARM.Collect$$libshutdown$$00000002  c_w.l(libshutdown2.o)
    0x08000252   0x08000252   0x00000000   Code   RO         3400    .ARM.Collect$$libshutdown$$00000004  c_w.l(libshutdown2.o)
    0x08000252   0x08000252   0x00000000   Code   RO         3402    .ARM.Collect$$libshutdown$$00000006  c_w.l(libshutdown2.o)
    0x08000252   0x08000252   0x00000000   Code   RO         3405    .ARM.Collect$$libshutdown$$00000009  c_w.l(libshutdown2.o)
    0x08000252   0x08000252   0x00000000   Code   RO         3408    .ARM.Collect$$libshutdown$$0000000C  c_w.l(libshutdown2.o)
    0x08000252   0x08000252   0x00000000   Code   RO         3410    .ARM.Collect$$libshutdown$$0000000E  c_w.l(libshutdown2.o)
    0x08000252   0x08000252   0x00000000   Code   RO         3413    .ARM.Collect$$libshutdown$$00000011  c_w.l(libshutdown2.o)
    0x08000252   0x08000252   0x00000002   Code   RO         3414    .ARM.Collect$$libshutdown$$00000012  c_w.l(libshutdown2.o)
    0x08000254   0x08000254   0x00000000   Code   RO         3153    .ARM.Collect$$rtentry$$00000000  c_w.l(__rtentry.o)
    0x08000254   0x08000254   0x00000000   Code   RO         3239    .ARM.Collect$$rtentry$$00000002  c_w.l(__rtentry2.o)
    0x08000254   0x08000254   0x00000006   Code   RO         3251    .ARM.Collect$$rtentry$$00000004  c_w.l(__rtentry4.o)
    0x0800025a   0x0800025a   0x00000000   Code   RO         3241    .ARM.Collect$$rtentry$$00000009  c_w.l(__rtentry2.o)
    0x0800025a   0x0800025a   0x00000004   Code   RO         3242    .ARM.Collect$$rtentry$$0000000A  c_w.l(__rtentry2.o)
    0x0800025e   0x0800025e   0x00000000   Code   RO         3244    .ARM.Collect$$rtentry$$0000000C  c_w.l(__rtentry2.o)
    0x0800025e   0x0800025e   0x00000008   Code   RO         3245    .ARM.Collect$$rtentry$$0000000D  c_w.l(__rtentry2.o)
    0x08000266   0x08000266   0x00000002   Code   RO         3287    .ARM.Collect$$rtexit$$00000000  c_w.l(rtexit.o)
    0x08000268   0x08000268   0x00000000   Code   RO         3345    .ARM.Collect$$rtexit$$00000002  c_w.l(rtexit2.o)
    0x08000268   0x08000268   0x00000004   Code   RO         3346    .ARM.Collect$$rtexit$$00000003  c_w.l(rtexit2.o)
    0x0800026c   0x0800026c   0x00000006   Code   RO         3347    .ARM.Collect$$rtexit$$00000004  c_w.l(rtexit2.o)
    0x08000272   0x08000272   0x00000002   PAD
    0x08000274   0x08000274   0x00000040   Code   RO            4    .text               startup_stm32f401xc.o
    0x080002b4   0x080002b4   0x000000ee   Code   RO         3043    .text               c_w.l(lludivv7m.o)
    0x080003a2   0x080003a2   0x0000003e   Code   RO         3045    .text               c_w.l(strlen.o)
    0x080003e0   0x080003e0   0x0000008a   Code   RO         3047    .text               c_w.l(rt_memcpy_v6.o)
    0x0800046a   0x0800046a   0x00000064   Code   RO         3049    .text               c_w.l(rt_memcpy_w.o)
    0x080004ce   0x080004ce   0x00000044   Code   RO         3051    .text               c_w.l(rt_memclr.o)
    0x08000512   0x08000512   0x0000004e   Code   RO         3053    .text               c_w.l(rt_memclr_w.o)
    0x08000560   0x08000560   0x00000006   Code   RO         3055    .text               c_w.l(heapauxi.o)
    0x08000566   0x08000566   0x00000016   Code   RO         3158    .text               c_w.l(_rserrno.o)
    0x0800057c   0x0800057c   0x00000008   Code   RO         3258    .text               c_w.l(rt_errno_addr_intlibspace.o)
    0x08000584   0x08000584   0x00000008   Code   RO         3268    .text               c_w.l(libspace.o)
    0x0800058c   0x0800058c   0x0000004a   Code   RO         3271    .text               c_w.l(sys_stackheap_outer.o)
    0x080005d6   0x080005d6   0x00000012   Code   RO         3273    .text               c_w.l(exit.o)
    0x080005e8   0x080005e8   0x0000000c   Code   RO         3342    .text               c_w.l(sys_exit.o)
    0x080005f4   0x080005f4   0x00000002   Code   RO         3361    .text               c_w.l(use_no_semi.o)
    0x080005f6   0x080005f6   0x00000000   Code   RO         3363    .text               c_w.l(indicate_semi.o)
    0x080005f6   0x080005f6   0x00000002   Code   RO          221    i.BusFault_Handler  stm32f4xx_it.o
    0x080005f8   0x080005f8   0x00000004   Code   RO          444    i.CDC_Control_FS    usbd_cdc_if.o
    0x080005fc   0x080005fc   0x00000004   Code   RO          445    i.CDC_DeInit_FS     usbd_cdc_if.o
    0x08000600   0x08000600   0x00000024   Code   RO          446    i.CDC_Init_FS       usbd_cdc_if.o
    0x08000624   0x08000624   0x0000003c   Code   RO          447    i.CDC_Receive_FS    usbd_cdc_if.o
    0x08000660   0x08000660   0x00000004   Code   RO          448    i.CDC_TransmitCplt_FS  usbd_cdc_if.o
    0x08000664   0x08000664   0x0000002c   Code   RO          449    i.CDC_Transmit_FS   usbd_cdc_if.o
    0x08000690   0x08000690   0x00000090   Code   RO          708    i.DHparam_init      armrobot_math.o
    0x08000720   0x08000720   0x00000002   Code   RO          222    i.DebugMon_Handler  stm32f4xx_it.o
    0x08000722   0x08000722   0x00000004   Code   RO           13    i.Error_Handler     main.o
    0x08000726   0x08000726   0x00000002   PAD
    0x08000728   0x08000728   0x00000024   Code   RO         2321    i.HAL_Delay         stm32f4xx_hal.o
    0x0800074c   0x0800074c   0x000001e0   Code   RO         1771    i.HAL_GPIO_Init     stm32f4xx_hal_gpio.o
    0x0800092c   0x0800092c   0x0000000a   Code   RO         1775    i.HAL_GPIO_WritePin  stm32f4xx_hal_gpio.o
    0x08000936   0x08000936   0x00000002   PAD
    0x08000938   0x08000938   0x0000000c   Code   RO         2327    i.HAL_GetTick       stm32f4xx_hal.o
    0x08000944   0x08000944   0x00000010   Code   RO         2333    i.HAL_IncTick       stm32f4xx_hal.o
    0x08000954   0x08000954   0x00000034   Code   RO         2334    i.HAL_Init          stm32f4xx_hal.o
    0x08000988   0x08000988   0x00000040   Code   RO         2335    i.HAL_InitTick      stm32f4xx_hal.o
    0x080009c8   0x080009c8   0x00000030   Code   RO          303    i.HAL_MspInit       stm32f4xx_hal_msp.o
    0x080009f8   0x080009f8   0x0000001a   Code   RO         2184    i.HAL_NVIC_EnableIRQ  stm32f4xx_hal_cortex.o
    0x08000a12   0x08000a12   0x00000002   PAD
    0x08000a14   0x08000a14   0x00000040   Code   RO         2190    i.HAL_NVIC_SetPriority  stm32f4xx_hal_cortex.o
    0x08000a54   0x08000a54   0x00000024   Code   RO         2191    i.HAL_NVIC_SetPriorityGrouping  stm32f4xx_hal_cortex.o
    0x08000a78   0x08000a78   0x00000002   Code   RO         1046    i.HAL_PCDEx_LPM_Callback  stm32f4xx_hal_pcd_ex.o
    0x08000a7a   0x08000a7a   0x00000008   Code   RO         1047    i.HAL_PCDEx_SetRxFiFo  stm32f4xx_hal_pcd_ex.o
    0x08000a82   0x08000a82   0x00000044   Code   RO         1048    i.HAL_PCDEx_SetTxFiFo  stm32f4xx_hal_pcd_ex.o
    0x08000ac6   0x08000ac6   0x00000008   Code   RO          501    i.HAL_PCD_ConnectCallback  usbd_conf.o
    0x08000ace   0x08000ace   0x00000012   Code   RO          502    i.HAL_PCD_DataInStageCallback  usbd_conf.o
    0x08000ae0   0x08000ae0   0x00000014   Code   RO          503    i.HAL_PCD_DataOutStageCallback  usbd_conf.o
    0x08000af4   0x08000af4   0x00000008   Code   RO          504    i.HAL_PCD_DisconnectCallback  usbd_conf.o
    0x08000afc   0x08000afc   0x0000001e   Code   RO          816    i.HAL_PCD_EP_Abort  stm32f4xx_hal_pcd.o
    0x08000b1a   0x08000b1a   0x0000004c   Code   RO          817    i.HAL_PCD_EP_Close  stm32f4xx_hal_pcd.o
    0x08000b66   0x08000b66   0x0000005c   Code   RO          818    i.HAL_PCD_EP_ClrStall  stm32f4xx_hal_pcd.o
    0x08000bc2   0x08000bc2   0x00000012   Code   RO          820    i.HAL_PCD_EP_GetRxCount  stm32f4xx_hal_pcd.o
    0x08000bd4   0x08000bd4   0x00000060   Code   RO          821    i.HAL_PCD_EP_Open   stm32f4xx_hal_pcd.o
    0x08000c34   0x08000c34   0x00000048   Code   RO          822    i.HAL_PCD_EP_Receive  stm32f4xx_hal_pcd.o
    0x08000c7c   0x08000c7c   0x00000074   Code   RO          823    i.HAL_PCD_EP_SetStall  stm32f4xx_hal_pcd.o
    0x08000cf0   0x08000cf0   0x00000040   Code   RO          824    i.HAL_PCD_EP_Transmit  stm32f4xx_hal_pcd.o
    0x08000d30   0x08000d30   0x00000560   Code   RO          826    i.HAL_PCD_IRQHandler  stm32f4xx_hal_pcd.o
    0x08001290   0x08001290   0x00000008   Code   RO          505    i.HAL_PCD_ISOINIncompleteCallback  usbd_conf.o
    0x08001298   0x08001298   0x00000008   Code   RO          506    i.HAL_PCD_ISOOUTIncompleteCallback  usbd_conf.o
    0x080012a0   0x080012a0   0x000000e2   Code   RO          829    i.HAL_PCD_Init      stm32f4xx_hal_pcd.o
    0x08001382   0x08001382   0x00000002   PAD
    0x08001384   0x08001384   0x00000084   Code   RO          508    i.HAL_PCD_MspInit   usbd_conf.o
    0x08001408   0x08001408   0x00000026   Code   RO          509    i.HAL_PCD_ResetCallback  usbd_conf.o
    0x0800142e   0x0800142e   0x00000008   Code   RO          510    i.HAL_PCD_ResumeCallback  usbd_conf.o
    0x08001436   0x08001436   0x00000008   Code   RO          511    i.HAL_PCD_SOFCallback  usbd_conf.o
    0x0800143e   0x0800143e   0x00000028   Code   RO          835    i.HAL_PCD_SetAddress  stm32f4xx_hal_pcd.o
    0x08001466   0x08001466   0x0000000e   Code   RO          512    i.HAL_PCD_SetupStageCallback  usbd_conf.o
    0x08001474   0x08001474   0x00000042   Code   RO          838    i.HAL_PCD_Start     stm32f4xx_hal_pcd.o
    0x080014b6   0x080014b6   0x00000002   PAD
    0x080014b8   0x080014b8   0x00000030   Code   RO          513    i.HAL_PCD_SuspendCallback  usbd_conf.o
    0x080014e8   0x080014e8   0x00000002   Code   RO         1392    i.HAL_RCC_CSSCallback  stm32f4xx_hal_rcc.o
    0x080014ea   0x080014ea   0x00000002   PAD
    0x080014ec   0x080014ec   0x00000134   Code   RO         1393    i.HAL_RCC_ClockConfig  stm32f4xx_hal_rcc.o
    0x08001620   0x08001620   0x0000000c   Code   RO         1396    i.HAL_RCC_EnableCSS  stm32f4xx_hal_rcc.o
    0x0800162c   0x0800162c   0x0000000c   Code   RO         1398    i.HAL_RCC_GetHCLKFreq  stm32f4xx_hal_rcc.o
    0x08001638   0x08001638   0x00000064   Code   RO         1402    i.HAL_RCC_GetSysClockFreq  stm32f4xx_hal_rcc.o
    0x0800169c   0x0800169c   0x0000001c   Code   RO         1404    i.HAL_RCC_NMI_IRQHandler  stm32f4xx_hal_rcc.o
    0x080016b8   0x080016b8   0x0000036c   Code   RO         1405    i.HAL_RCC_OscConfig  stm32f4xx_hal_rcc.o
    0x08001a24   0x08001a24   0x00000028   Code   RO         2195    i.HAL_SYSTICK_Config  stm32f4xx_hal_cortex.o
    0x08001a4c   0x08001a4c   0x00000002   Code   RO          223    i.HardFault_Handler  stm32f4xx_it.o
    0x08001a4e   0x08001a4e   0x00000002   PAD
    0x08001a50   0x08001a50   0x00000038   Code   RO          358    i.IntToUnicode      usbd_desc.o
    0x08001a88   0x08001a88   0x00000080   Code   RO           14    i.MX_GPIO_Init      main.o
    0x08001b08   0x08001b08   0x00000054   Code   RO          327    i.MX_USB_DEVICE_Init  usb_device.o
    0x08001b5c   0x08001b5c   0x00000002   Code   RO          224    i.MemManage_Handler  stm32f4xx_it.o
    0x08001b5e   0x08001b5e   0x00000006   Code   RO          225    i.NMI_Handler       stm32f4xx_it.o
    0x08001b64   0x08001b64   0x0000000c   Code   RO          226    i.OTG_FS_IRQHandler  stm32f4xx_it.o
    0x08001b70   0x08001b70   0x000000cc   Code   RO          842    i.PCD_EP_OutXfrComplete_int  stm32f4xx_hal_pcd.o
    0x08001c3c   0x08001c3c   0x000000a2   Code   RO          843    i.PCD_WriteEmptyTxFifo  stm32f4xx_hal_pcd.o
    0x08001cde   0x08001cde   0x00000002   Code   RO          227    i.PendSV_Handler    stm32f4xx_it.o
    0x08001ce0   0x08001ce0   0x00000002   Code   RO          228    i.SVC_Handler       stm32f4xx_it.o
    0x08001ce2   0x08001ce2   0x0000000a   Code   RO         2805    i.SWAPBYTE          usbd_ctlreq.o
    0x08001cec   0x08001cec   0x00000004   Code   RO          229    i.SysTick_Handler   stm32f4xx_it.o
    0x08001cf0   0x08001cf0   0x0000009c   Code   RO           15    i.SystemClock_Config  main.o
    0x08001d8c   0x08001d8c   0x00000010   Code   RO         2609    i.SystemInit        system_stm32f4xx.o
    0x08001d9c   0x08001d9c   0x00000076   Code   RO         2938    i.USBD_CDC_DataIn   usbd_cdc.o
    0x08001e12   0x08001e12   0x0000003c   Code   RO         2939    i.USBD_CDC_DataOut  usbd_cdc.o
    0x08001e4e   0x08001e4e   0x00000002   PAD
    0x08001e50   0x08001e50   0x00000090   Code   RO         2940    i.USBD_CDC_DeInit   usbd_cdc.o
    0x08001ee0   0x08001ee0   0x00000036   Code   RO         2941    i.USBD_CDC_EP0_RxReady  usbd_cdc.o
    0x08001f16   0x08001f16   0x00000002   PAD
    0x08001f18   0x08001f18   0x0000000c   Code   RO         2942    i.USBD_CDC_GetDeviceQualifierDescriptor  usbd_cdc.o
    0x08001f24   0x08001f24   0x0000003c   Code   RO         2943    i.USBD_CDC_GetFSCfgDesc  usbd_cdc.o
    0x08001f60   0x08001f60   0x00000040   Code   RO         2944    i.USBD_CDC_GetHSCfgDesc  usbd_cdc.o
    0x08001fa0   0x08001fa0   0x0000003c   Code   RO         2945    i.USBD_CDC_GetOtherSpeedCfgDesc  usbd_cdc.o
    0x08001fdc   0x08001fdc   0x00000118   Code   RO         2946    i.USBD_CDC_Init     usbd_cdc.o
    0x080020f4   0x080020f4   0x00000038   Code   RO         2947    i.USBD_CDC_ReceivePacket  usbd_cdc.o
    0x0800212c   0x0800212c   0x00000016   Code   RO         2948    i.USBD_CDC_RegisterInterface  usbd_cdc.o
    0x08002142   0x08002142   0x0000001a   Code   RO         2949    i.USBD_CDC_SetRxBuffer  usbd_cdc.o
    0x0800215c   0x0800215c   0x0000001e   Code   RO         2950    i.USBD_CDC_SetTxBuffer  usbd_cdc.o
    0x0800217a   0x0800217a   0x000000d4   Code   RO         2951    i.USBD_CDC_Setup    usbd_cdc.o
    0x0800224e   0x0800224e   0x00000002   PAD
    0x08002250   0x08002250   0x00000050   Code   RO         2952    i.USBD_CDC_TransmitPacket  usbd_cdc.o
    0x080022a0   0x080022a0   0x00000014   Code   RO         2646    i.USBD_ClrClassConfig  usbd_core.o
    0x080022b4   0x080022b4   0x00000004   Code   RO         2647    i.USBD_CoreFindEP   usbd_core.o
    0x080022b8   0x080022b8   0x00000004   Code   RO         2648    i.USBD_CoreFindIF   usbd_core.o
    0x080022bc   0x080022bc   0x00000010   Code   RO         2878    i.USBD_CtlContinueRx  usbd_ioreq.o
    0x080022cc   0x080022cc   0x00000010   Code   RO         2879    i.USBD_CtlContinueSendData  usbd_ioreq.o
    0x080022dc   0x080022dc   0x00000016   Code   RO         2806    i.USBD_CtlError     usbd_ctlreq.o
    0x080022f2   0x080022f2   0x0000001e   Code   RO         2880    i.USBD_CtlPrepareRx  usbd_ioreq.o
    0x08002310   0x08002310   0x00000016   Code   RO         2881    i.USBD_CtlReceiveStatus  usbd_ioreq.o
    0x08002326   0x08002326   0x0000001a   Code   RO         2882    i.USBD_CtlSendData  usbd_ioreq.o
    0x08002340   0x08002340   0x00000016   Code   RO         2883    i.USBD_CtlSendStatus  usbd_ioreq.o
    0x08002356   0x08002356   0x00000002   PAD
    0x08002358   0x08002358   0x00000020   Code   RO          359    i.USBD_FS_ConfigStrDescriptor  usbd_desc.o
    0x08002378   0x08002378   0x0000000c   Code   RO          360    i.USBD_FS_DeviceDescriptor  usbd_desc.o
    0x08002384   0x08002384   0x00000024   Code   RO          361    i.USBD_FS_InterfaceStrDescriptor  usbd_desc.o
    0x080023a8   0x080023a8   0x0000000c   Code   RO          362    i.USBD_FS_LangIDStrDescriptor  usbd_desc.o
    0x080023b4   0x080023b4   0x00000028   Code   RO          363    i.USBD_FS_ManufacturerStrDescriptor  usbd_desc.o
    0x080023dc   0x080023dc   0x00000020   Code   RO          364    i.USBD_FS_ProductStrDescriptor  usbd_desc.o
    0x080023fc   0x080023fc   0x00000038   Code   RO          365    i.USBD_FS_SerialStrDescriptor  usbd_desc.o
    0x08002434   0x08002434   0x000000e6   Code   RO         2807    i.USBD_GetDescriptor  usbd_ctlreq.o
    0x0800251a   0x0800251a   0x0000003a   Code   RO         2650    i.USBD_GetEpDesc    usbd_core.o
    0x08002554   0x08002554   0x0000000e   Code   RO         2651    i.USBD_GetNextDesc  usbd_core.o
    0x08002562   0x08002562   0x00000048   Code   RO         2808    i.USBD_GetString    usbd_ctlreq.o
    0x080025aa   0x080025aa   0x00000018   Code   RO          514    i.USBD_Get_USB_Status  usbd_conf.o
    0x080025c2   0x080025c2   0x00000026   Code   RO         2652    i.USBD_Init         usbd_core.o
    0x080025e8   0x080025e8   0x00000012   Code   RO          515    i.USBD_LL_ClearStallEP  usbd_conf.o
    0x080025fa   0x080025fa   0x00000012   Code   RO          516    i.USBD_LL_CloseEP   usbd_conf.o
    0x0800260c   0x0800260c   0x000000b6   Code   RO         2653    i.USBD_LL_DataInStage  usbd_core.o
    0x080026c2   0x080026c2   0x0000008e   Code   RO         2654    i.USBD_LL_DataOutStage  usbd_core.o
    0x08002750   0x08002750   0x00000004   Code   RO         2655    i.USBD_LL_DevConnected  usbd_core.o
    0x08002754   0x08002754   0x0000001e   Code   RO         2656    i.USBD_LL_DevDisconnected  usbd_core.o
    0x08002772   0x08002772   0x00000008   Code   RO          520    i.USBD_LL_GetRxDataSize  usbd_conf.o
    0x0800277a   0x0800277a   0x00000002   PAD
    0x0800277c   0x0800277c   0x00000060   Code   RO          521    i.USBD_LL_Init      usbd_conf.o
    0x080027dc   0x080027dc   0x00000020   Code   RO          522    i.USBD_LL_IsStallEP  usbd_conf.o
    0x080027fc   0x080027fc   0x00000028   Code   RO         2657    i.USBD_LL_IsoINIncomplete  usbd_core.o
    0x08002824   0x08002824   0x00000028   Code   RO         2658    i.USBD_LL_IsoOUTIncomplete  usbd_core.o
    0x0800284c   0x0800284c   0x00000018   Code   RO          523    i.USBD_LL_OpenEP    usbd_conf.o
    0x08002864   0x08002864   0x00000012   Code   RO          524    i.USBD_LL_PrepareReceive  usbd_conf.o
    0x08002876   0x08002876   0x0000005c   Code   RO         2659    i.USBD_LL_Reset     usbd_core.o
    0x080028d2   0x080028d2   0x00000014   Code   RO         2660    i.USBD_LL_Resume    usbd_core.o
    0x080028e6   0x080028e6   0x0000001a   Code   RO         2661    i.USBD_LL_SOF       usbd_core.o
    0x08002900   0x08002900   0x00000006   Code   RO         2662    i.USBD_LL_SetSpeed  usbd_core.o
    0x08002906   0x08002906   0x00000012   Code   RO          525    i.USBD_LL_SetUSBAddress  usbd_conf.o
    0x08002918   0x08002918   0x00000060   Code   RO         2663    i.USBD_LL_SetupStage  usbd_core.o
    0x08002978   0x08002978   0x00000012   Code   RO          526    i.USBD_LL_StallEP   usbd_conf.o
    0x0800298a   0x0800298a   0x00000012   Code   RO          527    i.USBD_LL_Start     usbd_conf.o
    0x0800299c   0x0800299c   0x00000012   Code   RO         2664    i.USBD_LL_Suspend   usbd_core.o
    0x080029ae   0x080029ae   0x00000012   Code   RO          529    i.USBD_LL_Transmit  usbd_conf.o
    0x080029c0   0x080029c0   0x0000002c   Code   RO         2809    i.USBD_ParseSetupRequest  usbd_ctlreq.o
    0x080029ec   0x080029ec   0x0000003a   Code   RO         2665    i.USBD_RegisterClass  usbd_core.o
    0x08002a26   0x08002a26   0x00000014   Code   RO         2667    i.USBD_SetClassConfig  usbd_core.o
    0x08002a3a   0x08002a3a   0x00000002   PAD
    0x08002a3c   0x08002a3c   0x000000b8   Code   RO         2810    i.USBD_SetConfig    usbd_ctlreq.o
    0x08002af4   0x08002af4   0x00000004   Code   RO         2668    i.USBD_Start        usbd_core.o
    0x08002af8   0x08002af8   0x0000012c   Code   RO         2811    i.USBD_StdDevReq    usbd_ctlreq.o
    0x08002c24   0x08002c24   0x00000160   Code   RO         2812    i.USBD_StdEPReq     usbd_ctlreq.o
    0x08002d84   0x08002d84   0x00000072   Code   RO         2813    i.USBD_StdItfReq    usbd_ctlreq.o
    0x08002df6   0x08002df6   0x00000002   Code   RO          530    i.USBD_static_free  usbd_conf.o
    0x08002df8   0x08002df8   0x00000008   Code   RO          531    i.USBD_static_malloc  usbd_conf.o
    0x08002e00   0x08002e00   0x00000080   Code   RO         1088    i.USB_ActivateEndpoint  stm32f4xx_ll_usb.o
    0x08002e80   0x08002e80   0x0000001c   Code   RO         1090    i.USB_ActivateSetup  stm32f4xx_ll_usb.o
    0x08002e9c   0x08002e9c   0x00000074   Code   RO         1092    i.USB_CoreInit      stm32f4xx_ll_usb.o
    0x08002f10   0x08002f10   0x00000040   Code   RO         1093    i.USB_CoreReset     stm32f4xx_ll_usb.o
    0x08002f50   0x08002f50   0x000000cc   Code   RO         1096    i.USB_DeactivateEndpoint  stm32f4xx_ll_usb.o
    0x0800301c   0x0800301c   0x0000001c   Code   RO         1097    i.USB_DevConnect    stm32f4xx_ll_usb.o
    0x08003038   0x08003038   0x0000001c   Code   RO         1098    i.USB_DevDisconnect  stm32f4xx_ll_usb.o
    0x08003054   0x08003054   0x00000174   Code   RO         1099    i.USB_DevInit       stm32f4xx_ll_usb.o
    0x080031c8   0x080031c8   0x0000000c   Code   RO         1100    i.USB_DisableGlobalInt  stm32f4xx_ll_usb.o
    0x080031d4   0x080031d4   0x0000011c   Code   RO         1103    i.USB_EP0StartXfer  stm32f4xx_ll_usb.o
    0x080032f0   0x080032f0   0x00000058   Code   RO         1104    i.USB_EP0_OutStart  stm32f4xx_ll_usb.o
    0x08003348   0x08003348   0x00000058   Code   RO         1105    i.USB_EPClearStall  stm32f4xx_ll_usb.o
    0x080033a0   0x080033a0   0x00000058   Code   RO         1106    i.USB_EPSetStall    stm32f4xx_ll_usb.o
    0x080033f8   0x080033f8   0x000001e4   Code   RO         1107    i.USB_EPStartXfer   stm32f4xx_ll_usb.o
    0x080035dc   0x080035dc   0x0000009e   Code   RO         1108    i.USB_EPStopXfer    stm32f4xx_ll_usb.o
    0x0800367a   0x0800367a   0x0000000c   Code   RO         1109    i.USB_EnableGlobalInt  stm32f4xx_ll_usb.o
    0x08003686   0x08003686   0x00000002   PAD
    0x08003688   0x08003688   0x0000003c   Code   RO         1110    i.USB_FlushRxFifo   stm32f4xx_ll_usb.o
    0x080036c4   0x080036c4   0x00000040   Code   RO         1111    i.USB_FlushTxFifo   stm32f4xx_ll_usb.o
    0x08003704   0x08003704   0x0000001a   Code   RO         1113    i.USB_GetDevSpeed   stm32f4xx_ll_usb.o
    0x0800371e   0x0800371e   0x00000008   Code   RO         1115    i.USB_GetMode       stm32f4xx_ll_usb.o
    0x08003726   0x08003726   0x0000000e   Code   RO         1122    i.USB_ReadDevAllInEpInterrupt  stm32f4xx_ll_usb.o
    0x08003734   0x08003734   0x0000000e   Code   RO         1123    i.USB_ReadDevAllOutEpInterrupt  stm32f4xx_ll_usb.o
    0x08003742   0x08003742   0x00000024   Code   RO         1124    i.USB_ReadDevInEPInterrupt  stm32f4xx_ll_usb.o
    0x08003766   0x08003766   0x00000010   Code   RO         1125    i.USB_ReadDevOutEPInterrupt  stm32f4xx_ll_usb.o
    0x08003776   0x08003776   0x00000008   Code   RO         1126    i.USB_ReadInterrupts  stm32f4xx_ll_usb.o
    0x0800377e   0x0800377e   0x0000003e   Code   RO         1127    i.USB_ReadPacket    stm32f4xx_ll_usb.o
    0x080037bc   0x080037bc   0x0000005c   Code   RO         1129    i.USB_SetCurrentMode  stm32f4xx_ll_usb.o
    0x08003818   0x08003818   0x00000022   Code   RO         1130    i.USB_SetDevAddress  stm32f4xx_ll_usb.o
    0x0800383a   0x0800383a   0x00000002   PAD
    0x0800383c   0x0800383c   0x000000e8   Code   RO         1132    i.USB_SetTurnaroundTime  stm32f4xx_ll_usb.o
    0x08003924   0x08003924   0x00000028   Code   RO         1135    i.USB_WritePacket   stm32f4xx_ll_usb.o
    0x0800394c   0x0800394c   0x00000002   Code   RO          230    i.UsageFault_Handler  stm32f4xx_it.o
    0x0800394e   0x0800394e   0x00000030   Code   RO         3222    i.__ARM_fpclassify  m_wm.l(fpclassify.o)
    0x0800397e   0x0800397e   0x00000020   Code   RO         2197    i.__NVIC_SetPriority  stm32f4xx_hal_cortex.o
    0x0800399e   0x0800399e   0x00000002   PAD
    0x080039a0   0x080039a0   0x00000358   Code   RO         3077    i.__hardfp_acos     m_wm.l(acos.o)
    0x08003cf8   0x08003cf8   0x000002d8   Code   RO         3185    i.__hardfp_atan     m_wm.l(atan.o)
    0x08003fd0   0x08003fd0   0x00000200   Code   RO         3091    i.__hardfp_atan2    m_wm.l(atan2.o)
    0x080041d0   0x080041d0   0x000000c8   Code   RO         3103    i.__hardfp_cos      m_wm.l(cos.o)
    0x08004298   0x08004298   0x00000c50   Code   RO         3115    i.__hardfp_pow      m_wm.l(pow.o)
    0x08004ee8   0x08004ee8   0x000000c8   Code   RO         3129    i.__hardfp_sin      m_wm.l(sin.o)
    0x08004fb0   0x08004fb0   0x0000007a   Code   RO         3141    i.__hardfp_sqrt     m_wm.l(sqrt.o)
    0x0800502a   0x0800502a   0x00000006   PAD
    0x08005030   0x08005030   0x00000438   Code   RO         3227    i.__ieee754_rem_pio2  m_wm.l(rred.o)
    0x08005468   0x08005468   0x00000170   Code   RO         3199    i.__kernel_cos      m_wm.l(cos_i.o)
    0x080055d8   0x080055d8   0x000000f8   Code   RO         3224    i.__kernel_poly     m_wm.l(poly.o)
    0x080056d0   0x080056d0   0x00000130   Code   RO         3232    i.__kernel_sin      m_wm.l(sin_i.o)
    0x08005800   0x08005800   0x00000030   Code   RO         3202    i.__mathlib_dbl_divzero  m_wm.l(dunder.o)
    0x08005830   0x08005830   0x00000014   Code   RO         3203    i.__mathlib_dbl_infnan  m_wm.l(dunder.o)
    0x08005844   0x08005844   0x00000014   Code   RO         3204    i.__mathlib_dbl_infnan2  m_wm.l(dunder.o)
    0x08005858   0x08005858   0x00000020   Code   RO         3205    i.__mathlib_dbl_invalid  m_wm.l(dunder.o)
    0x08005878   0x08005878   0x00000020   Code   RO         3206    i.__mathlib_dbl_overflow  m_wm.l(dunder.o)
    0x08005898   0x08005898   0x00000020   Code   RO         3208    i.__mathlib_dbl_underflow  m_wm.l(dunder.o)
    0x080058b8   0x080058b8   0x00000010   Code   RO         3187    i.atan              m_wm.l(atan.o)
    0x080058c8   0x080058c8   0x00000240   Code   RO          709    i.calculate_all_link  armrobot_math.o
    0x08005b08   0x08005b08   0x0000008a   Code   RO          710    i.calculate_tf_rot_axis  armrobot_math.o
    0x08005b92   0x08005b92   0x00000018   Code   RO         3218    i.fabs              m_wm.l(fabs.o)
    0x08005baa   0x08005baa   0x00000002   PAD
    0x08005bac   0x08005bac   0x000010e2   Code   RO          714    i.forward_transform_matrix  armrobot_math.o
    0x08006c8e   0x08006c8e   0x00000002   PAD
    0x08006c90   0x08006c90   0x000001ec   Code   RO           16    i.main              main.o
    0x08006e7c   0x08006e7c   0x00000060   Code   RO          715    i.multiply_3x3      armrobot_math.o
    0x08006edc   0x08006edc   0x00000058   Code   RO          716    i.multiply_4x4      armrobot_math.o
    0x08006f34   0x08006f34   0x00000044   Code   RO           17    i.receive_data      main.o
    0x08006f78   0x08006f78   0x0000002c   Code   RO           18    i.reset_buffer      main.o
    0x08006fa4   0x08006fa4   0x00000068   Code   RO          717    i.run_forward_kinematic  armrobot_math.o
    0x0800700c   0x0800700c   0x000011ac   Code   RO          718    i.run_inverse_kinematic  armrobot_math.o
    0x080081b8   0x080081b8   0x00000014   Code   RO          719    i.sanitize_zero     armrobot_math.o
    0x080081cc   0x080081cc   0x00000010   Code   RO           19    i.send_data         main.o
    0x080081dc   0x080081dc   0x0000006e   Code   RO         3143    i.sqrt              m_wm.l(sqrt.o)
    0x0800824a   0x0800824a   0x00000002   PAD
    0x0800824c   0x0800824c   0x0000006c   Code   RO          720    i.toolframe_init    armrobot_math.o
    0x080082b8   0x080082b8   0x00000018   Code   RO         3059    x$fpl$basic         fz_wm.l(basic.o)
    0x080082d0   0x080082d0   0x00000062   Code   RO         3061    x$fpl$d2f           fz_wm.l(d2f.o)
    0x08008332   0x08008332   0x00000002   PAD
    0x08008334   0x08008334   0x00000150   Code   RO         3063    x$fpl$dadd          fz_wm.l(daddsub_clz.o)
    0x08008484   0x08008484   0x00000010   Code   RO         3260    x$fpl$dcheck1       fz_wm.l(dcheck1.o)
    0x08008494   0x08008494   0x00000018   Code   RO         3262    x$fpl$dcmpinf       fz_wm.l(dcmpi.o)
    0x080084ac   0x080084ac   0x000002b0   Code   RO         3070    x$fpl$ddiv          fz_wm.l(ddiv.o)
    0x0800875c   0x0800875c   0x00000078   Code   RO         3160    x$fpl$deqf          fz_wm.l(deqf.o)
    0x080087d4   0x080087d4   0x0000005e   Code   RO         3264    x$fpl$dfix          fz_wm.l(dfix.o)
    0x08008832   0x08008832   0x0000002e   Code   RO         3163    x$fpl$dflt          fz_wm.l(dflt_clz.o)
    0x08008860   0x08008860   0x00000026   Code   RO         3162    x$fpl$dfltu         fz_wm.l(dflt_clz.o)
    0x08008886   0x08008886   0x00000002   PAD
    0x08008888   0x08008888   0x00000078   Code   RO         3168    x$fpl$dleqf         fz_wm.l(dleqf.o)
    0x08008900   0x08008900   0x00000154   Code   RO         3073    x$fpl$dmul          fz_wm.l(dmul.o)
    0x08008a54   0x08008a54   0x0000009c   Code   RO         3170    x$fpl$dnaninf       fz_wm.l(dnaninf.o)
    0x08008af0   0x08008af0   0x0000000c   Code   RO         3172    x$fpl$dretinf       fz_wm.l(dretinf.o)
    0x08008afc   0x08008afc   0x0000006c   Code   RO         3174    x$fpl$drleqf        fz_wm.l(drleqf.o)
    0x08008b68   0x08008b68   0x00000016   Code   RO         3064    x$fpl$drsb          fz_wm.l(daddsub_clz.o)
    0x08008b7e   0x08008b7e   0x00000002   PAD
    0x08008b80   0x08008b80   0x00000198   Code   RO         3176    x$fpl$dsqrt         fz_wm.l(dsqrt_umaal.o)
    0x08008d18   0x08008d18   0x000001d4   Code   RO         3065    x$fpl$dsub          fz_wm.l(daddsub_clz.o)
    0x08008eec   0x08008eec   0x00000056   Code   RO         3075    x$fpl$f2d           fz_wm.l(f2d.o)
    0x08008f42   0x08008f42   0x0000008c   Code   RO         3178    x$fpl$fnaninf       fz_wm.l(fnaninf.o)
    0x08008fce   0x08008fce   0x0000000a   Code   RO         3357    x$fpl$fpinit        fz_wm.l(fpinit.o)
    0x08008fd8   0x08008fd8   0x0000000a   Code   RO         3180    x$fpl$fretinf       fz_wm.l(fretinf.o)
    0x08008fe2   0x08008fe2   0x00000064   Code   RO         3285    x$fpl$retnan        fz_wm.l(retnan.o)
    0x08009046   0x08009046   0x0000005c   Code   RO         3182    x$fpl$scalbn        fz_wm.l(scalbn.o)
    0x080090a2   0x080090a2   0x00000030   Code   RO         3340    x$fpl$trapveneer    fz_wm.l(trapv.o)
    0x080090d2   0x080090d2   0x00000000   Code   RO         3184    x$fpl$usenofp       fz_wm.l(usenofp.o)
    0x080090d2   0x080090d2   0x00000010   Data   RO         2610    .constdata          system_stm32f4xx.o
    0x080090e2   0x080090e2   0x00000006   PAD
    0x080090e8   0x080090e8   0x00000050   Data   RO         3080    .constdata          m_wm.l(acos.o)
    0x08009138   0x08009138   0x00000088   Data   RO         3118    .constdata          m_wm.l(pow.o)
    0x080091c0   0x080091c0   0x00000098   Data   RO         3188    .constdata          m_wm.l(atan.o)
    0x08009258   0x08009258   0x00000030   Data   RO         3200    .constdata          m_wm.l(cos_i.o)
    0x08009288   0x08009288   0x00000008   Data   RO         3226    .constdata          m_wm.l(qnan.o)
    0x08009290   0x08009290   0x000000c8   Data   RO         3229    .constdata          m_wm.l(rred.o)
    0x08009358   0x08009358   0x00000028   Data   RO         3233    .constdata          m_wm.l(sin_i.o)
    0x08009380   0x08009380   0x00000020   Data   RO         3415    Region$$Table       anon$$obj.o


    Execution Region RW_IRAM1 (Exec base: 0x20000000, Load base: 0x080093a0, Size: 0x000025f8, Max: 0x00010000, ABSOLUTE, COMPRESSED[0x000000e8])

    Exec Addr    Load Addr    Size         Type   Attr      Idx    E Section Name        Object

    0x20000000   COMPRESSED   0x0000005c   Data   RW           23    .data               main.o
    0x2000005c   COMPRESSED   0x0000001c   Data   RW          367    .data               usbd_desc.o
    0x20000078   COMPRESSED   0x00000032   Data   RW          368    .data               usbd_desc.o
    0x200000aa   COMPRESSED   0x00000002   PAD
    0x200000ac   COMPRESSED   0x00000014   Data   RW          451    .data               usbd_cdc_if.o
    0x200000c0   COMPRESSED   0x0000000c   Data   RW         2341    .data               stm32f4xx_hal.o
    0x200000cc   COMPRESSED   0x00000004   Data   RW         2612    .data               system_stm32f4xx.o
    0x200000d0   COMPRESSED   0x00000001   Data   RW         2814    .data               usbd_ctlreq.o
    0x200000d1   COMPRESSED   0x00000003   PAD
    0x200000d4   COMPRESSED   0x00000053   Data   RW         2953    .data               usbd_cdc.o
    0x20000127   COMPRESSED   0x00000001   PAD
    0x20000128   COMPRESSED   0x00000038   Data   RW         2954    .data               usbd_cdc.o
    0x20000160        -       0x00000a2f   Zero   RW           20    .bss                main.o
    0x20000b8f   COMPRESSED   0x00000001   PAD
    0x20000b90        -       0x000002dc   Zero   RW          328    .bss                usb_device.o
    0x20000e6c        -       0x00000200   Zero   RW          366    .bss                usbd_desc.o
    0x2000106c        -       0x00000800   Zero   RW          450    .bss                usbd_cdc_if.o
    0x2000186c        -       0x0000072c   Zero   RW          532    .bss                usbd_conf.o
    0x20001f98        -       0x00000060   Zero   RW         3269    .bss                c_w.l(libspace.o)
    0x20001ff8        -       0x00000200   Zero   RW            2    HEAP                startup_stm32f401xc.o
    0x200021f8        -       0x00000400   Zero   RW            1    STACK               startup_stm32f401xc.o


==============================================================================

Image component sizes


      Code (inc. data)   RO Data    RW Data    ZI Data      Debug   Object Name

     10120        128          0          0          0      12466   armrobot_math.o
       908         52          0         92       2607     387352   main.o
        64         26        404          0       1536        900   startup_stm32f401xc.o
       180         28          0         12          0       9717   stm32f4xx_hal.o
       198         14          0          0          0      34283   stm32f4xx_hal_cortex.o
       490         34          0          0          0       2336   stm32f4xx_hal_gpio.o
        48          6          0          0          0        966   stm32f4xx_hal_msp.o
      2638         12          0          0          0      14536   stm32f4xx_hal_pcd.o
        78          0          0          0          0       2625   stm32f4xx_hal_pcd_ex.o
      1338         66          0          0          0       6621   stm32f4xx_hal_rcc.o
        36          6          0          0          0       5202   stm32f4xx_it.o
      2888        134          0          0          0      25731   stm32f4xx_ll_usb.o
        16          4         16          4          0       1295   system_stm32f4xx.o
        84         18          0          0        732        924   usb_device.o
      1278         36          0        139          0      15409   usbd_cdc.o
       152         26          0         20       2048       4540   usbd_cdc_if.o
       638         24          0          0       1836      18352   usbd_conf.o
       916          0          0          0          0      16687   usbd_core.o
      1328         28          0          1          0      15504   usbd_ctlreq.o
       276         92          0         78        512       6733   usbd_desc.o
       132          0          0          0          0       4920   usbd_ioreq.o

    ----------------------------------------------------------------------
     23840        734        458        352       9272     587099   Object Totals
         0          0         32          0          0          0   (incl. Generated)
        34          0          6          6          1          0   (incl. Padding)

    ----------------------------------------------------------------------

      Code (inc. data)   RO Data    RW Data    ZI Data      Debug   Library Member Name

        90          0          0          0          0          0   __dczerorl2.o
         8          0          0          0          0         68   __main.o
         0          0          0          0          0          0   __rtentry.o
        12          0          0          0          0          0   __rtentry2.o
         6          0          0          0          0          0   __rtentry4.o
        52          8          0          0          0          0   __scatter.o
        28          0          0          0          0          0   __scatter_zi.o
        22          0          0          0          0        100   _rserrno.o
        18          0          0          0          0         80   exit.o
         6          0          0          0          0        152   heapauxi.o
         0          0          0          0          0          0   indicate_semi.o
         2          0          0          0          0          0   libinit.o
         6          0          0          0          0          0   libinit2.o
         2          0          0          0          0          0   libshutdown.o
         2          0          0          0          0          0   libshutdown2.o
         8          4          0          0         96         68   libspace.o
       238          0          0          0          0        100   lludivv7m.o
         8          4          0          0          0         68   rt_errno_addr_intlibspace.o
        68          0          0          0          0         68   rt_memclr.o
        78          0          0          0          0         80   rt_memclr_w.o
       138          0          0          0          0         68   rt_memcpy_v6.o
       100          0          0          0          0         80   rt_memcpy_w.o
         2          0          0          0          0          0   rtexit.o
        10          0          0          0          0          0   rtexit2.o
        62          0          0          0          0         76   strlen.o
        12          4          0          0          0         68   sys_exit.o
        74          0          0          0          0         80   sys_stackheap_outer.o
         2          0          0          0          0         68   use_no_semi.o
        24          0          0          0          0        164   basic.o
        98          4          0          0          0        140   d2f.o
       826         16          0          0          0        492   daddsub_clz.o
        16          4          0          0          0        116   dcheck1.o
        24          0          0          0          0        116   dcmpi.o
       688        140          0          0          0        256   ddiv.o
       120          4          0          0          0        140   deqf.o
        94          4          0          0          0        140   dfix.o
        84          0          0          0          0        232   dflt_clz.o
       120          4          0          0          0        140   dleqf.o
       340         12          0          0          0        152   dmul.o
       156          4          0          0          0        140   dnaninf.o
        12          0          0          0          0        116   dretinf.o
       108          0          0          0          0        128   drleqf.o
       408         56          0          0          0        168   dsqrt_umaal.o
        86          4          0          0          0        132   f2d.o
       140          4          0          0          0        132   fnaninf.o
        10          0          0          0          0        116   fpinit.o
        10          0          0          0          0        116   fretinf.o
       100          0          0          0          0        116   retnan.o
        92          0          0          0          0        116   scalbn.o
        48          0          0          0          0        116   trapv.o
         0          0          0          0          0          0   usenofp.o
       856        118         80          0          0        288   acos.o
       744        106        152          0          0        352   atan.o
       512         64          0          0          0        208   atan2.o
       200         20          0          0          0        164   cos.o
       368         46         48          0          0        200   cos_i.o
       184         44          0          0          0        744   dunder.o
        24          0          0          0          0        124   fabs.o
        48          0          0          0          0        124   fpclassify.o
       248          0          0          0          0        152   poly.o
      3152        296        136          0          0        352   pow.o
         0          0          8          0          0          0   qnan.o
      1080        142        200          0          0        188   rred.o
       200         20          0          0          0        164   sin.o
       304         24         40          0          0        208   sin_i.o
       232          0          0          0          0        296   sqrt.o

    ----------------------------------------------------------------------
     12830       1156        664          0         96       8272   Library Totals
        20          0          0          0          0          0   (incl. Padding)

    ----------------------------------------------------------------------

      Code (inc. data)   RO Data    RW Data    ZI Data      Debug   Library Name

      1054         20          0          0         96       1224   c_w.l
      3604        256          0          0          0       3484   fz_wm.l
      8152        880        664          0          0       3564   m_wm.l

    ----------------------------------------------------------------------
     12830       1156        664          0         96       8272   Library Totals

    ----------------------------------------------------------------------

==============================================================================


      Code (inc. data)   RO Data    RW Data    ZI Data      Debug   

     36670       1890       1122        352       9368     572699   Grand Totals
     36670       1890       1122        232       9368     572699   ELF Image Totals (compressed)
     36670       1890       1122        232          0          0   ROM Totals

==============================================================================

    Total RO  Size (Code + RO Data)                37792 (  36.91kB)
    Total RW  Size (RW Data + ZI Data)              9720 (   9.49kB)
    Total ROM Size (Code + RO Data + RW Data)      38024 (  37.13kB)

==============================================================================

